Component: ARM Compiler 6.16 Tool: armlink [5dfeaa00]

==============================================================================

Section Cross References

    main.o(.text.main) refers to pot.o(.text.ADC0SS3_init) for ADC0SS3_init
    main.o(.text.main) refers to led.o(.text.PORTF_init) for PORTF_init
    main.o(.text.main) refers to lcd.o(.text.LCD_init) for LCD_init
    main.o(.text.main) refers to keypad.o(.text.keypad_Init) for keypad_Init
    main.o(.text.main) refers to lcd.o(.text.LCD_Cursor) for LCD_Cursor
    main.o(.text.main) refers to main.o(.rodata.str1.1) for .L.str
    main.o(.text.main) refers to lcd.o(.text.LCD_WriteString) for LCD_WriteString
    main.o(.text.main) refers to queue.o(.text.xQueueCreateMutex) for xQueueCreateMutex
    main.o(.text.main) refers to main.o(.bss.xMutexSetTemp) for xMutexSetTemp
    main.o(.text.main) refers to queue.o(.text.xQueueGenericCreate) for xQueueGenericCreate
    main.o(.text.main) refers to main.o(.bss.xBinarySemaphoreMeasuredTemp) for xBinarySemaphoreMeasuredTemp
    main.o(.text.main) refers to main.o(.bss.xBinarySemaphoreKEYPAD) for xBinarySemaphoreKEYPAD
    main.o(.text.main) refers to queue.o(.text.xQueueGenericSend) for xQueueGenericSend
    main.o(.text.main) refers to main.o(.bss.xBinarySemaphoreBuzzer) for xBinarySemaphoreBuzzer
    main.o(.text.main) refers to main.o(.text.KEYPAD_getkey) for KEYPAD_getkey
    main.o(.text.main) refers to tasks.o(.text.xTaskCreate) for xTaskCreate
    main.o(.text.main) refers to main.o(.text.redTask) for redTask
    main.o(.text.main) refers to main.o(.text.buzzerTask) for buzzerTask
    main.o(.text.main) refers to main.o(.text.ADC_readMeasuredTemp) for ADC_readMeasuredTemp
    main.o(.text.main) refers to tasks.o(.text.vTaskStartScheduler) for vTaskStartScheduler
    main.o(.ARM.exidx.text.main) refers to main.o(.text.main) for [Anonymous Symbol]
    main.o(.text.KEYPAD_getkey) refers to main.o(.bss.xBinarySemaphoreKEYPAD) for xBinarySemaphoreKEYPAD
    main.o(.text.KEYPAD_getkey) refers to queue.o(.text.xQueueSemaphoreTake) for xQueueSemaphoreTake
    main.o(.text.KEYPAD_getkey) refers to lcd.o(.text.LCD_Cursor) for LCD_Cursor
    main.o(.text.KEYPAD_getkey) refers to main.o(.rodata.str1.1) for .L.str.6
    main.o(.text.KEYPAD_getkey) refers to lcd.o(.text.LCD_WriteString) for LCD_WriteString
    main.o(.text.KEYPAD_getkey) refers to delay.o(.text.delay_milli) for delay_milli
    main.o(.text.KEYPAD_getkey) refers to main.o(.data.symbol) for symbol
    main.o(.text.KEYPAD_getkey) refers to lcd.o(.text.LCD_Data) for LCD_Data
    main.o(.text.KEYPAD_getkey) refers to main.o(.bss.xMutexSetTemp) for xMutexSetTemp
    main.o(.text.KEYPAD_getkey) refers to main.o(.data.setTemp) for setTemp
    main.o(.text.KEYPAD_getkey) refers to queue.o(.text.xQueueGenericSend) for xQueueGenericSend
    main.o(.ARM.exidx.text.KEYPAD_getkey) refers to main.o(.text.KEYPAD_getkey) for [Anonymous Symbol]
    main.o(.text.redTask) refers to main.o(.bss.xBinarySemaphoreMeasuredTemp) for xBinarySemaphoreMeasuredTemp
    main.o(.text.redTask) refers to queue.o(.text.xQueueSemaphoreTake) for xQueueSemaphoreTake
    main.o(.ARM.exidx.text.redTask) refers to main.o(.text.redTask) for [Anonymous Symbol]
    main.o(.text.buzzerTask) refers to main.o(.bss.xBinarySemaphoreBuzzer) for xBinarySemaphoreBuzzer
    main.o(.text.buzzerTask) refers to queue.o(.text.xQueueSemaphoreTake) for xQueueSemaphoreTake
    main.o(.text.buzzerTask) refers to tasks.o(.text.vTaskDelay) for vTaskDelay
    main.o(.ARM.exidx.text.buzzerTask) refers to main.o(.text.buzzerTask) for [Anonymous Symbol]
    main.o(.text.ADC_readMeasuredTemp) refers to main.o(.bss.xMutexSetTemp) for xMutexSetTemp
    main.o(.text.ADC_readMeasuredTemp) refers to queue.o(.text.xQueueSemaphoreTake) for xQueueSemaphoreTake
    main.o(.text.ADC_readMeasuredTemp) refers to main.o(.data.setTemp) for setTemp
    main.o(.text.ADC_readMeasuredTemp) refers to queue.o(.text.xQueueGenericSend) for xQueueGenericSend
    main.o(.text.ADC_readMeasuredTemp) refers to lcd.o(.text.LCD_Cursor) for LCD_Cursor
    main.o(.text.ADC_readMeasuredTemp) refers to lcd.o(.text.LCD_WriteNum) for LCD_WriteNum
    main.o(.text.ADC_readMeasuredTemp) refers to lcd.o(.text.LCD_Data) for LCD_Data
    main.o(.text.ADC_readMeasuredTemp) refers to main.o(.bss.xBinarySemaphoreMeasuredTemp) for xBinarySemaphoreMeasuredTemp
    main.o(.text.ADC_readMeasuredTemp) refers to main.o(.bss.xBinarySemaphoreBuzzer) for xBinarySemaphoreBuzzer
    main.o(.ARM.exidx.text.ADC_readMeasuredTemp) refers to main.o(.text.ADC_readMeasuredTemp) for [Anonymous Symbol]
    main.o(.text.GPIOF_Handler) refers to main.o(.bss.xBinarySemaphoreKEYPAD) for xBinarySemaphoreKEYPAD
    main.o(.text.GPIOF_Handler) refers to queue.o(.text.xQueueGiveFromISR) for xQueueGiveFromISR
    main.o(.text.GPIOF_Handler) refers to dio.o(.text.DIO_ReadPin) for DIO_ReadPin
[...]
    ../fplib/printf1.s                       0x00000000   Number         0  printf1.o ABSOLUTE
    ../fplib/printf2.s                       0x00000000   Number         0  printf2.o ABSOLUTE
    ../fplib/printf2a.s                      0x00000000   Number         0  printf2a.o ABSOLUTE
    ../fplib/printf2b.s                      0x00000000   Number         0  printf2b.o ABSOLUTE
    ../fplib/usenofp.s                       0x00000000   Number         0  usenofp.o ABSOLUTE
    ../mathlib/fpclassify.c                  0x00000000   Number         0  fpclassify.o ABSOLUTE
    DIO.c                                    0x00000000   Number         0  dio.o ABSOLUTE
    RTE/Device/TM4C123GH6PM/startup_TM4C123.s 0x00000000   Number         0  startup_tm4c123.o ABSOLUTE
    basic_io.c                               0x00000000   Number         0  basic_io.o ABSOLUTE
    bsp.c                                    0x00000000   Number         0  bsp.o ABSOLUTE
    dc.s                                     0x00000000   Number         0  dc.o ABSOLUTE
    delay.c                                  0x00000000   Number         0  delay.o ABSOLUTE
    freertos_evr.c                           0x00000000   Number         0  freertos_evr.o ABSOLUTE
    heap_1.c                                 0x00000000   Number         0  heap_1.o ABSOLUTE
    keypad.c                                 0x00000000   Number         0  keypad.o ABSOLUTE
    lcd.c                                    0x00000000   Number         0  lcd.o ABSOLUTE
    led.c                                    0x00000000   Number         0  led.o ABSOLUTE
    list.c                                   0x00000000   Number         0  list.o ABSOLUTE
    main.c                                   0x00000000   Number         0  main.o ABSOLUTE
    port.c                                   0x00000000   Number         0  port.o ABSOLUTE
    pot.c                                    0x00000000   Number         0  pot.o ABSOLUTE
    queue.c                                  0x00000000   Number         0  queue.o ABSOLUTE
    system_TM4C123.c                         0x00000000   Number         0  system_tm4c123.o ABSOLUTE
    tasks.c                                  0x00000000   Number         0  tasks.o ABSOLUTE
    timers.c                                 0x00000000   Number         0  timers.o ABSOLUTE
    RESET                                    0x00000000   Section      620  startup_tm4c123.o(RESET)
    !!!main                                  0x0000026c   Section        8  __main.o(!!!main)
    !!!scatter                               0x00000274   Section       52  __scatter.o(!!!scatter)
    !!handler_copy                           0x000002a8   Section       26  __scatter_copy.o(!!handler_copy)
    !!handler_zi                             0x000002c4   Section       28  __scatter_zi.o(!!handler_zi)
    .ARM.Collect$$libinit$$00000000          0x000002e0   Section        2  libinit.o(.ARM.Collect$$libinit$$00000000)
    .ARM.Collect$$libinit$$00000001          0x000002e2   Section        4  libinit2.o(.ARM.Collect$$libinit$$00000001)
    .ARM.Collect$$libinit$$00000004          0x000002e6   Section        0  libinit2.o(.ARM.Collect$$libinit$$00000004)
    .ARM.Collect$$libinit$$0000000A          0x000002e6   Section        0  libinit2.o(.ARM.Collect$$libinit$$0000000A)
    .ARM.Collect$$libinit$$0000000C          0x000002e6   Section        0  libinit2.o(.ARM.Collect$$libinit$$0000000C)
    .ARM.Collect$$libinit$$0000000E          0x000002e6   Section        0  libinit2.o(.ARM.Collect$$libinit$$0000000E)
    .ARM.Collect$$libinit$$00000011          0x000002e6   Section        0  libinit2.o(.ARM.Collect$$libinit$$00000011)
    .ARM.Collect$$libinit$$00000013          0x000002e6   Section        0  libinit2.o(.ARM.Collect$$libinit$$00000013)
    .ARM.Collect$$libinit$$00000015          0x000002e6   Section        0  libinit2.o(.ARM.Collect$$libinit$$00000015)
    .ARM.Collect$$libinit$$00000017          0x000002e6   Section        0  libinit2.o(.ARM.Collect$$libinit$$00000017)
    .ARM.Collect$$libinit$$00000019          0x000002e6   Section        0  libinit2.o(.ARM.Collect$$libinit$$00000019)
    .ARM.Collect$$libinit$$0000001B          0x000002e6   Section        0  libinit2.o(.ARM.Collect$$libinit$$0000001B)
    .ARM.Collect$$libinit$$0000001D          0x000002e6   Section        0  libinit2.o(.ARM.Collect$$libinit$$0000001D)
    .ARM.Collect$$libinit$$0000001F          0x000002e6   Section        0  libinit2.o(.ARM.Collect$$libinit$$0000001F)
    .ARM.Collect$$libinit$$00000021          0x000002e6   Section        0  libinit2.o(.ARM.Collect$$libinit$$00000021)
    .ARM.Collect$$libinit$$00000023          0x000002e6   Section        0  libinit2.o(.ARM.Collect$$libinit$$00000023)
    .ARM.Collect$$libinit$$00000025          0x000002e6   Section        0  libinit2.o(.ARM.Collect$$libinit$$00000025)
    .ARM.Collect$$libinit$$0000002C          0x000002e6   Section        0  libinit2.o(.ARM.Collect$$libinit$$0000002C)
    .ARM.Collect$$libinit$$0000002E          0x000002e6   Section        0  libinit2.o(.ARM.Collect$$libinit$$0000002E)
    .ARM.Collect$$libinit$$00000030          0x000002e6   Section        0  libinit2.o(.ARM.Collect$$libinit$$00000030)
    .ARM.Collect$$libinit$$00000032          0x000002e6   Section        0  libinit2.o(.ARM.Collect$$libinit$$00000032)
    .ARM.Collect$$libinit$$00000033          0x000002e6   Section        2  libinit2.o(.ARM.Collect$$libinit$$00000033)
    .ARM.Collect$$libshutdown$$00000000      0x000002e8   Section        2  libshutdown.o(.ARM.Collect$$libshutdown$$00000000)
    .ARM.Collect$$libshutdown$$00000002      0x000002ea   Section        0  libshutdown2.o(.ARM.Collect$$libshutdown$$00000002)
    .ARM.Collect$$libshutdown$$00000004      0x000002ea   Section        0  libshutdown2.o(.ARM.Collect$$libshutdown$$00000004)
    .ARM.Collect$$libshutdown$$00000007      0x000002ea   Section        0  libshutdown2.o(.ARM.Collect$$libshutdown$$00000007)
    .ARM.Collect$$libshutdown$$0000000A      0x000002ea   Section        0  libshutdown2.o(.ARM.Collect$$libshutdown$$0000000A)
    .ARM.Collect$$libshutdown$$0000000C      0x000002ea   Section        0  libshutdown2.o(.ARM.Collect$$libshutdown$$0000000C)
    .ARM.Collect$$libshutdown$$0000000F      0x000002ea   Section        0  libshutdown2.o(.ARM.Collect$$libshutdown$$0000000F)
    .ARM.Collect$$libshutdown$$00000010      0x000002ea   Section        2  libshutdown2.o(.ARM.Collect$$libshutdown$$00000010)
    .ARM.Collect$$rtentry$$00000000          0x000002ec   Section        0  __rtentry.o(.ARM.Collect$$rtentry$$00000000)
    .ARM.Collect$$rtentry$$00000002          0x000002ec   Section        0  __rtentry2.o(.ARM.Collect$$rtentry$$00000002)
    .ARM.Collect$$rtentry$$00000004          0x000002ec   Section        6  __rtentry4.o(.ARM.Collect$$rtentry$$00000004)
    .ARM.Collect$$rtentry$$00000009          0x000002f2   Section        0  __rtentry2.o(.ARM.Collect$$rtentry$$00000009)
    .ARM.Collect$$rtentry$$0000000A          0x000002f2   Section        4  __rtentry2.o(.ARM.Collect$$rtentry$$0000000A)
    .ARM.Collect$$rtentry$$0000000C          0x000002f6   Section        0  __rtentry2.o(.ARM.Collect$$rtentry$$0000000C)
    .ARM.Collect$$rtentry$$0000000D          0x000002f6   Section        8  __rtentry2.o(.ARM.Collect$$rtentry$$0000000D)
    .ARM.Collect$$rtexit$$00000000           0x000002fe   Section        2  rtexit.o(.ARM.Collect$$rtexit$$00000000)
    .ARM.Collect$$rtexit$$00000002           0x00000300   Section        0  rtexit2.o(.ARM.Collect$$rtexit$$00000002)
    .ARM.Collect$$rtexit$$00000003           0x00000300   Section        4  rtexit2.o(.ARM.Collect$$rtexit$$00000003)
    .ARM.Collect$$rtexit$$00000004           0x00000304   Section        6  rtexit2.o(.ARM.Collect$$rtexit$$00000004)
    $v0                                      0x0000030c   Number         0  startup_tm4c123.o(.text)
    .text                                    0x0000030c   Section      276  startup_tm4c123.o(.text)
    .text                                    0x00000420   Section      138  rt_memcpy_v6.o(.text)
    .text                                    0x000004aa   Section       16  aeabi_memset4.o(.text)
    .text                                    0x000004ba   Section        0  heapauxi.o(.text)
    .text                                    0x000004c0   Section      100  rt_memcpy_w.o(.text)
    .text                                    0x00000524   Section       78  rt_memclr_w.o(.text)
    .text                                    0x00000572   Section       74  sys_stackheap_outer.o(.text)
    .text                                    0x000005bc   Section        0  exit.o(.text)
    .text                                    0x000005d0   Section        8  libspace.o(.text)
    .text                                    0x000005d8   Section        0  sys_exit.o(.text)
    .text                                    0x000005e4   Section        2  use_no_semi.o(.text)
    .text                                    0x000005e6   Section        0  indicate_semi.o(.text)
    [Anonymous Symbol]                       0x000005e8   Section        0  pot.o(.text.ADC0SS3_init)
    [Anonymous Symbol]                       0x00000680   Section        0  main.o(.text.ADC_readMeasuredTemp)
    [Anonymous Symbol]                       0x000007b4   Section        0  dio.o(.text.DIO_ReadPin)
    [Anonymous Symbol]                       0x00000888   Section        0  dio.o(.text.DIO_WritePin)
    [Anonymous Symbol]                       0x00000a28   Section        0  dio.o(.text.DIO_init)
    [Anonymous Symbol]                       0x00000ee4   Section        0  main.o(.text.GPIOF_Handler)
    [Anonymous Symbol]                       0x00000f44   Section        0  main.o(.text.KEYPAD_getkey)
    [Anonymous Symbol]                       0x000010dc   Section        0  lcd.o(.text.LCD_Cmd)
    [Anonymous Symbol]                       0x00001120   Section        0  lcd.o(.text.LCD_Cursor)
    [Anonymous Symbol]                       0x00001158   Section        0  lcd.o(.text.LCD_Data)
    [Anonymous Symbol]                       0x00001190   Section        0  lcd.o(.text.LCD_WriteNum)
    [Anonymous Symbol]                       0x00001244   Section        0  lcd.o(.text.LCD_WriteString)
    [Anonymous Symbol]                       0x00001270   Section        0  lcd.o(.text.LCD_init)
    [Anonymous Symbol]                       0x000012ec   Section        0  led.o(.text.PORTF_init)
    [Anonymous Symbol]                       0x00001330   Section        0  port.o(.text.PendSV_Handler)
    pxCurrentTCBConst                        0x00001390   Number         0  port.o(.text.PendSV_Handler)
    [Anonymous Symbol]                       0x000013a0   Section        0  port.o(.text.SVC_Handler)
    pxCurrentTCBConst2                       0x000013c0   Number         0  port.o(.text.SVC_Handler)
    [Anonymous Symbol]                       0x000013c4   Section        0  port.o(.text.SysTick_Handler)
    [Anonymous Symbol]                       0x00001400   Section        0  system_tm4c123.o(.text.SystemInit)
    [Anonymous Symbol]                       0x0000150c   Section        0  main.o(.text.buzzerTask)
    [Anonymous Symbol]                       0x00001564   Section        0  delay.o(.text.delay_milli)
    [Anonymous Symbol]                       0x000015a4   Section        0  keypad.o(.text.keypad_Init)
    [Anonymous Symbol]                       0x000016bc   Section        0  main.o(.text.main)
    prvAddCurrentTaskToDelayedList           0x0000183d   Thumb Code   290  tasks.o(.text.prvAddCurrentTaskToDelayedList)
    [Anonymous Symbol]                       0x0000183c   Section        0  tasks.o(.text.prvAddCurrentTaskToDelayedList)
    prvAddNewTaskToReadyList                 0x00001961   Thumb Code   340  tasks.o(.text.prvAddNewTaskToReadyList)
    [Anonymous Symbol]                       0x00001960   Section        0  tasks.o(.text.prvAddNewTaskToReadyList)
    prvCheckForValidListAndQueue             0x00001ab5   Thumb Code   106  timers.o(.text.prvCheckForValidListAndQueue)
    [Anonymous Symbol]                       0x00001ab4   Section        0  timers.o(.text.prvCheckForValidListAndQueue)
    prvCheckTasksWaitingTermination          0x00001b21   Thumb Code    90  tasks.o(.text.prvCheckTasksWaitingTermination)
    [Anonymous Symbol]                       0x00001b20   Section        0  tasks.o(.text.prvCheckTasksWaitingTermination)
    prvCopyDataFromQueue                     0x00001b7d   Thumb Code    66  queue.o(.text.prvCopyDataFromQueue)
    [Anonymous Symbol]                       0x00001b7c   Section        0  queue.o(.text.prvCopyDataFromQueue)
    prvCopyDataToQueue                       0x00001bc1   Thumb Code   204  queue.o(.text.prvCopyDataToQueue)
    [Anonymous Symbol]                       0x00001bc0   Section        0  queue.o(.text.prvCopyDataToQueue)
    prvDeleteTCB                             0x00001c8d   Thumb Code    24  tasks.o(.text.prvDeleteTCB)
    [Anonymous Symbol]                       0x00001c8c   Section        0  tasks.o(.text.prvDeleteTCB)
    prvGetDisinheritPriorityAfterTimeout     0x00001ca5   Thumb Code    38  queue.o(.text.prvGetDisinheritPriorityAfterTimeout)
    [Anonymous Symbol]                       0x00001ca4   Section        0  queue.o(.text.prvGetDisinheritPriorityAfterTimeout)
    prvGetNextExpireTime                     0x00001ccd   Thumb Code    64  timers.o(.text.prvGetNextExpireTime)
    [Anonymous Symbol]                       0x00001ccc   Section        0  timers.o(.text.prvGetNextExpireTime)
    prvIdleTask                              0x00001d0d   Thumb Code    56  tasks.o(.text.prvIdleTask)
    [Anonymous Symbol]                       0x00001d0c   Section        0  tasks.o(.text.prvIdleTask)
    prvInitialiseMutex                       0x00001d45   Thumb Code    44  queue.o(.text.prvInitialiseMutex)
    [Anonymous Symbol]                       0x00001d44   Section        0  queue.o(.text.prvInitialiseMutex)
    prvInitialiseNewQueue                    0x00001d71   Thumb Code    78  queue.o(.text.prvInitialiseNewQueue)
    [Anonymous Symbol]                       0x00001d70   Section        0  queue.o(.text.prvInitialiseNewQueue)
    prvInitialiseNewTask                     0x00001dc1   Thumb Code   326  tasks.o(.text.prvInitialiseNewTask)
    [Anonymous Symbol]                       0x00001dc0   Section        0  tasks.o(.text.prvInitialiseNewTask)
    prvInitialiseTaskLists                   0x00001f09   Thumb Code   142  tasks.o(.text.prvInitialiseTaskLists)
    [Anonymous Symbol]                       0x00001f08   Section        0  tasks.o(.text.prvInitialiseTaskLists)
    prvInsertTimerInActiveList               0x00001f99   Thumb Code   134  timers.o(.text.prvInsertTimerInActiveList)
    [Anonymous Symbol]                       0x00001f98   Section        0  timers.o(.text.prvInsertTimerInActiveList)
    prvIsQueueEmpty                          0x00002021   Thumb Code    40  queue.o(.text.prvIsQueueEmpty)
    [Anonymous Symbol]                       0x00002020   Section        0  queue.o(.text.prvIsQueueEmpty)
    prvIsQueueFull                           0x00002049   Thumb Code    46  queue.o(.text.prvIsQueueFull)
    [Anonymous Symbol]                       0x00002048   Section        0  queue.o(.text.prvIsQueueFull)
    prvNotifyQueueSetContainer               0x00002079   Thumb Code   216  queue.o(.text.prvNotifyQueueSetContainer)
    [Anonymous Symbol]                       0x00002078   Section        0  queue.o(.text.prvNotifyQueueSetContainer)
    prvPortStartFirstTask                    0x00002151   Thumb Code    40  port.o(.text.prvPortStartFirstTask)
    [Anonymous Symbol]                       0x00002150   Section        0  port.o(.text.prvPortStartFirstTask)
    prvProcessExpiredTimer                   0x00002179   Thumb Code    84  timers.o(.text.prvProcessExpiredTimer)
    [Anonymous Symbol]                       0x00002178   Section        0  timers.o(.text.prvProcessExpiredTimer)
    prvProcessReceivedCommands               0x000021cd   Thumb Code   384  timers.o(.text.prvProcessReceivedCommands)
    [Anonymous Symbol]                       0x000021cc   Section        0  timers.o(.text.prvProcessReceivedCommands)
    prvProcessTimerOrBlockTask               0x0000234d   Thumb Code   154  timers.o(.text.prvProcessTimerOrBlockTask)
    [Anonymous Symbol]                       0x0000234c   Section        0  timers.o(.text.prvProcessTimerOrBlockTask)
    prvReloadTimer                           0x000023e9   Thumb Code    52  timers.o(.text.prvReloadTimer)
    [Anonymous Symbol]                       0x000023e8   Section        0  timers.o(.text.prvReloadTimer)
    prvResetNextTaskUnblockTime              0x0000241d   Thumb Code    60  tasks.o(.text.prvResetNextTaskUnblockTime)
    [Anonymous Symbol]                       0x0000241c   Section        0  tasks.o(.text.prvResetNextTaskUnblockTime)
    prvSampleTimeNow                         0x00002459   Thumb Code    68  timers.o(.text.prvSampleTimeNow)
    [Anonymous Symbol]                       0x00002458   Section        0  timers.o(.text.prvSampleTimeNow)
    prvSwitchTimerLists                      0x0000249d   Thumb Code    82  timers.o(.text.prvSwitchTimerLists)
    [Anonymous Symbol]                       0x0000249c   Section        0  timers.o(.text.prvSwitchTimerLists)
    prvTaskExitError                         0x000024f1   Thumb Code    76  port.o(.text.prvTaskExitError)
    [Anonymous Symbol]                       0x000024f0   Section        0  port.o(.text.prvTaskExitError)
    prvTimerTask                             0x0000253d   Thumb Code    30  timers.o(.text.prvTimerTask)
    [Anonymous Symbol]                       0x0000253c   Section        0  timers.o(.text.prvTimerTask)
    prvUnlockQueue                           0x0000255d   Thumb Code   204  queue.o(.text.prvUnlockQueue)
    [Anonymous Symbol]                       0x0000255c   Section        0  queue.o(.text.prvUnlockQueue)
    [Anonymous Symbol]                       0x00002628   Section        0  heap_1.o(.text.pvPortMalloc)
    [Anonymous Symbol]                       0x000026e8   Section        0  tasks.o(.text.pvTaskIncrementMutexHeldCount)
    [Anonymous Symbol]                       0x00002714   Section        0  port.o(.text.pxPortInitialiseStack)
    [Anonymous Symbol]                       0x00002774   Section        0  main.o(.text.redTask)
    [Anonymous Symbol]                       0x000027ac   Section        0  list.o(.text.uxListRemove)
    [Anonymous Symbol]                       0x000027f4   Section        0  list.o(.text.vListInitialise)
    [Anonymous Symbol]                       0x00002824   Section        0  list.o(.text.vListInitialiseItem)
    [Anonymous Symbol]                       0x00002834   Section        0  list.o(.text.vListInsert)
    vPortEnableVFP                           0x000028a1   Thumb Code    20  port.o(.text.vPortEnableVFP)
    [Anonymous Symbol]                       0x000028a0   Section        0  port.o(.text.vPortEnableVFP)
    [Anonymous Symbol]                       0x000028b4   Section        0  port.o(.text.vPortEnterCritical)
    [Anonymous Symbol]                       0x0000290c   Section        0  port.o(.text.vPortExitCritical)
    [Anonymous Symbol]                       0x00002958   Section        0  heap_1.o(.text.vPortFree)
    [Anonymous Symbol]                       0x0000297c   Section        0  port.o(.text.vPortSetupTimerInterrupt)
    [Anonymous Symbol]                       0x000029c0   Section        0  port.o(.text.vPortValidateInterruptPriority)
    [Anonymous Symbol]                       0x00002a44   Section        0  queue.o(.text.vQueueWaitForMessageRestricted)
    [Anonymous Symbol]                       0x00002aa8   Section        0  tasks.o(.text.vTaskDelay)
    [Anonymous Symbol]                       0x00002b18   Section        0  tasks.o(.text.vTaskInternalSetTimeOutState)
    [Anonymous Symbol]                       0x00002b3c   Section        0  tasks.o(.text.vTaskMissedYield)
    [Anonymous Symbol]                       0x00002b4c   Section        0  tasks.o(.text.vTaskPlaceOnEventList)
    [Anonymous Symbol]                       0x00002b90   Section        0  tasks.o(.text.vTaskPlaceOnEventListRestricted)
    [Anonymous Symbol]                       0x00002c0c   Section        0  tasks.o(.text.vTaskPriorityDisinheritAfterTimeout)
    [Anonymous Symbol]                       0x00002d90   Section        0  tasks.o(.text.vTaskStartScheduler)
    [Anonymous Symbol]                       0x00002e4c   Section        0  tasks.o(.text.vTaskSuspendAll)
    __tagsym$$used.0                         0x00002e5c   Number         0  tasks.o(.text.vTaskSwitchContext)
    [Anonymous Symbol]                       0x00002e5c   Section        0  tasks.o(.text.vTaskSwitchContext)
    [Anonymous Symbol]                       0x00002f1c   Section        0  port.o(.text.xPortStartScheduler)
    [Anonymous Symbol]                       0x00003074   Section        0  queue.o(.text.xQueueCreateMutex)
    [Anonymous Symbol]                       0x0000309c   Section        0  queue.o(.text.xQueueGenericCreate)
    [Anonymous Symbol]                       0x00003138   Section        0  queue.o(.text.xQueueGenericReset)
    [Anonymous Symbol]                       0x00003240   Section        0  queue.o(.text.xQueueGenericSend)
    [Anonymous Symbol]                       0x000034b4   Section        0  queue.o(.text.xQueueGiveFromISR)
    [Anonymous Symbol]                       0x00003624   Section        0  queue.o(.text.xQueueReceive)
    [Anonymous Symbol]                       0x00003800   Section        0  queue.o(.text.xQueueSemaphoreTake)
    [Anonymous Symbol]                       0x00003a2c   Section        0  tasks.o(.text.xTaskCheckForTimeOut)
    [Anonymous Symbol]                       0x00003b28   Section        0  tasks.o(.text.xTaskCreate)
    [Anonymous Symbol]                       0x00003bc0   Section        0  tasks.o(.text.xTaskGetSchedulerState)
    [Anonymous Symbol]                       0x00003bf8   Section        0  tasks.o(.text.xTaskGetTickCount)
    [Anonymous Symbol]                       0x00003c0c   Section        0  tasks.o(.text.xTaskIncrementTick)
    [Anonymous Symbol]                       0x00003e6c   Section        0  tasks.o(.text.xTaskPriorityDisinherit)
    [Anonymous Symbol]                       0x00003fa4   Section        0  tasks.o(.text.xTaskPriorityInherit)
    [Anonymous Symbol]                       0x00004100   Section        0  tasks.o(.text.xTaskRemoveFromEventList)
    [Anonymous Symbol]                       0x0000428c   Section        0  tasks.o(.text.xTaskResumeAll)
    [Anonymous Symbol]                       0x000044b0   Section        0  timers.o(.text.xTimerCreateTimerTask)
    $v0                                      0x0000451c   Number         0  fpinit.o(x$fpl$fpinit)
    x$fpl$fpinit                             0x0000451c   Section       26  fpinit.o(x$fpl$fpinit)
    .L.str                                   0x00004536   Data          17  main.o(.rodata.str1.1)
    [Anonymous Symbol]                       0x00004536   Section        0  main.o(.rodata.str1.1)
    .L.str.6                                 0x00004540   Data           7  main.o(.rodata.str1.1)
    .L.str.7                                 0x00004542   Data           5  main.o(.rodata.str1.1)
    .L.str.1                                 0x00004547   Data          15  main.o(.rodata.str1.1)
    .L.str.3                                 0x00004556   Data           9  main.o(.rodata.str1.1)
    .L.str.4                                 0x0000455f   Data          12  main.o(.rodata.str1.1)
    .L.str.5                                 0x0000456b   Data          18  main.o(.rodata.str1.1)
    .L.str.2                                 0x0000457d   Data          15  main.o(.rodata.str1.1)
    .L.str                                   0x0000458c   Data           5  tasks.o(.rodata.str1.1)
    [Anonymous Symbol]                       0x0000458c   Section        0  tasks.o(.rodata.str1.1)
    .L.str                                   0x00004591   Data           8  timers.o(.rodata.str1.1)
    [Anonymous Symbol]                       0x00004591   Section        0  timers.o(.rodata.str1.1)
    setTemp                                  0x20000004   Data           4  main.o(.data.setTemp)
    [Anonymous Symbol]                       0x20000004   Section        0  main.o(.data.setTemp)
    symbol                                   0x20000008   Data          16  main.o(.data.symbol)
    [Anonymous Symbol]                       0x20000008   Section        0  main.o(.data.symbol)
    uxCriticalNesting                        0x20000018   Data           4  port.o(.data.uxCriticalNesting)
    [Anonymous Symbol]                       0x20000018   Section        0  port.o(.data.uxCriticalNesting)
    .bss                                     0x20000020   Section       96  libspace.o(.bss)
    prvSampleTimeNow.xLastTime               0x20000080   Data           4  timers.o(.bss.prvSampleTimeNow.xLastTime)
    [Anonymous Symbol]                       0x20000080   Section        0  timers.o(.bss.prvSampleTimeNow.xLastTime)
    pvPortMalloc.pucAlignedHeap              0x20000084   Data           4  heap_1.o(.bss.pvPortMalloc.pucAlignedHeap)
    [Anonymous Symbol]                       0x20000084   Section        0  heap_1.o(.bss.pvPortMalloc.pucAlignedHeap)
    pxCurrentTimerList                       0x2000008c   Data           4  timers.o(.bss.pxCurrentTimerList)
    [Anonymous Symbol]                       0x2000008c   Section        0  timers.o(.bss.pxCurrentTimerList)
    pxDelayedTaskList                        0x20000090   Data           4  tasks.o(.bss.pxDelayedTaskList)
    [Anonymous Symbol]                       0x20000090   Section        0  tasks.o(.bss.pxDelayedTaskList)
    pxOverflowDelayedTaskList                0x20000094   Data           4  tasks.o(.bss.pxOverflowDelayedTaskList)
    [Anonymous Symbol]                       0x20000094   Section        0  tasks.o(.bss.pxOverflowDelayedTaskList)
    pxOverflowTimerList                      0x20000098   Data           4  timers.o(.bss.pxOverflowTimerList)
    [Anonymous Symbol]                       0x20000098   Section        0  timers.o(.bss.pxOverflowTimerList)
    pxReadyTasksLists                        0x2000009c   Data         100  tasks.o(.bss.pxReadyTasksLists)
    [Anonymous Symbol]                       0x2000009c   Section        0  tasks.o(.bss.pxReadyTasksLists)
    ucHeap                                   0x20000100   Data       10240  heap_1.o(.bss.ucHeap)
    [Anonymous Symbol]                       0x20000100   Section        0  heap_1.o(.bss.ucHeap)
    ucMaxSysCallPriority                     0x20002900   Data           1  port.o(.bss.ucMaxSysCallPriority)
    [Anonymous Symbol]                       0x20002900   Section        0  port.o(.bss.ucMaxSysCallPriority)
    ulMaxPRIGROUPValue                       0x20002904   Data           4  port.o(.bss.ulMaxPRIGROUPValue)
    [Anonymous Symbol]                       0x20002904   Section        0  port.o(.bss.ulMaxPRIGROUPValue)
    uxCurrentNumberOfTasks                   0x20002908   Data           4  tasks.o(.bss.uxCurrentNumberOfTasks)
    [Anonymous Symbol]                       0x20002908   Section        0  tasks.o(.bss.uxCurrentNumberOfTasks)
    uxDeletedTasksWaitingCleanUp             0x2000290c   Data           4  tasks.o(.bss.uxDeletedTasksWaitingCleanUp)
    [Anonymous Symbol]                       0x2000290c   Section        0  tasks.o(.bss.uxDeletedTasksWaitingCleanUp)
    uxSchedulerSuspended                     0x20002910   Data           4  tasks.o(.bss.uxSchedulerSuspended)
    [Anonymous Symbol]                       0x20002910   Section        0  tasks.o(.bss.uxSchedulerSuspended)
    uxTaskNumber                             0x20002914   Data           4  tasks.o(.bss.uxTaskNumber)
    [Anonymous Symbol]                       0x20002914   Section        0  tasks.o(.bss.uxTaskNumber)
    uxTopReadyPriority                       0x20002918   Data           4  tasks.o(.bss.uxTopReadyPriority)
    [Anonymous Symbol]                       0x20002918   Section        0  tasks.o(.bss.uxTopReadyPriority)
    xActiveTimerList1                        0x2000291c   Data          20  timers.o(.bss.xActiveTimerList1)
    [Anonymous Symbol]                       0x2000291c   Section        0  timers.o(.bss.xActiveTimerList1)
    xActiveTimerList2                        0x20002930   Data          20  timers.o(.bss.xActiveTimerList2)
    [Anonymous Symbol]                       0x20002930   Section        0  timers.o(.bss.xActiveTimerList2)
    xBinarySemaphoreBuzzer                   0x20002944   Data           4  main.o(.bss.xBinarySemaphoreBuzzer)
    [Anonymous Symbol]                       0x20002944   Section        0  main.o(.bss.xBinarySemaphoreBuzzer)
    xBinarySemaphoreKEYPAD                   0x20002948   Data           4  main.o(.bss.xBinarySemaphoreKEYPAD)
    [Anonymous Symbol]                       0x20002948   Section        0  main.o(.bss.xBinarySemaphoreKEYPAD)
    xBinarySemaphoreMeasuredTemp             0x2000294c   Data           4  main.o(.bss.xBinarySemaphoreMeasuredTemp)
    [Anonymous Symbol]                       0x2000294c   Section        0  main.o(.bss.xBinarySemaphoreMeasuredTemp)
    xDelayedTaskList1                        0x20002950   Data          20  tasks.o(.bss.xDelayedTaskList1)
    [Anonymous Symbol]                       0x20002950   Section        0  tasks.o(.bss.xDelayedTaskList1)
    xDelayedTaskList2                        0x20002964   Data          20  tasks.o(.bss.xDelayedTaskList2)
    [Anonymous Symbol]                       0x20002964   Section        0  tasks.o(.bss.xDelayedTaskList2)
    xIdleTaskHandle                          0x20002978   Data           4  tasks.o(.bss.xIdleTaskHandle)
    [Anonymous Symbol]                       0x20002978   Section        0  tasks.o(.bss.xIdleTaskHandle)
    xMutexSetTemp                            0x2000297c   Data           4  main.o(.bss.xMutexSetTemp)
    [Anonymous Symbol]                       0x2000297c   Section        0  main.o(.bss.xMutexSetTemp)
    xNextFreeByte                            0x20002980   Data           4  heap_1.o(.bss.xNextFreeByte)
    [Anonymous Symbol]                       0x20002980   Section        0  heap_1.o(.bss.xNextFreeByte)
    xNextTaskUnblockTime                     0x20002984   Data           4  tasks.o(.bss.xNextTaskUnblockTime)
    [Anonymous Symbol]                       0x20002984   Section        0  tasks.o(.bss.xNextTaskUnblockTime)
    xNumOfOverflows                          0x20002988   Data           4  tasks.o(.bss.xNumOfOverflows)
    [Anonymous Symbol]                       0x20002988   Section        0  tasks.o(.bss.xNumOfOverflows)
    xPendedTicks                             0x2000298c   Data           4  tasks.o(.bss.xPendedTicks)
    [Anonymous Symbol]                       0x2000298c   Section        0  tasks.o(.bss.xPendedTicks)
    xPendingReadyList                        0x20002990   Data          20  tasks.o(.bss.xPendingReadyList)
    [Anonymous Symbol]                       0x20002990   Section        0  tasks.o(.bss.xPendingReadyList)
    xSchedulerRunning                        0x200029a4   Data           4  tasks.o(.bss.xSchedulerRunning)
    [Anonymous Symbol]                       0x200029a4   Section        0  tasks.o(.bss.xSchedulerRunning)
    xSuspendedTaskList                       0x200029a8   Data          20  tasks.o(.bss.xSuspendedTaskList)
    [Anonymous Symbol]                       0x200029a8   Section        0  tasks.o(.bss.xSuspendedTaskList)
    xTasksWaitingTermination                 0x200029bc   Data          20  tasks.o(.bss.xTasksWaitingTermination)
    [Anonymous Symbol]                       0x200029bc   Section        0  tasks.o(.bss.xTasksWaitingTermination)
    xTickCount                               0x200029d0   Data           4  tasks.o(.bss.xTickCount)
    [Anonymous Symbol]                       0x200029d0   Section        0  tasks.o(.bss.xTickCount)
    xTimerQueue                              0x200029d4   Data           4  timers.o(.bss.xTimerQueue)
    [Anonymous Symbol]                       0x200029d4   Section        0  timers.o(.bss.xTimerQueue)
    xTimerTaskHandle                         0x200029d8   Data           4  timers.o(.bss.xTimerTaskHandle)
    [Anonymous Symbol]                       0x200029d8   Section        0  timers.o(.bss.xTimerTaskHandle)
    xYieldPending                            0x200029dc   Data           4  tasks.o(.bss.xYieldPending)
    [Anonymous Symbol]                       0x200029dc   Section        0  tasks.o(.bss.xYieldPending)
    Heap_Mem                                 0x200029e0   Data           0  startup_tm4c123.o(HEAP)
    Stack_Mem                                0x200029e0   Data         512  startup_tm4c123.o(STACK)
    HEAP                                     0x200029e0   Section        0  startup_tm4c123.o(HEAP)
    STACK                                    0x200029e0   Section      512  startup_tm4c123.o(STACK)
    __initial_sp                             0x20002be0   Data           0  startup_tm4c123.o(STACK)

    Global Symbols

    Symbol Name                              Value     Ov Type        Size  Object(Section)

    BuildAttributes$$THM_ISAv4$E$P$D$K$B$S$7EM$VFPi3$EXTD16$VFPS$VFMA$PE$A:L22UL41UL21$X:L11$S22US41US21$IEEE1$IW$~IW$USESV6$~STKCKD$USESV7$~SHL$OTIME$ROPI$IEEEJ$EBA8$UX$STANDARDLIB$REQ8$PRES8$EABIv2 0x00000000   Number         0  anon$$obj.o ABSOLUTE
    __Vectors                                0x00000000   Data           4  startup_tm4c123.o(RESET)
    _printf_flags                            0x00000000   Number         0  printf_stubs.o ABSOLUTE
    _printf_return_value                     0x00000000   Number         0  printf_stubs.o ABSOLUTE
    _printf_sizespec                         0x00000000   Number         0  printf_stubs.o ABSOLUTE
    _printf_widthprec                        0x00000000   Number         0  printf_stubs.o ABSOLUTE
    __ARM_exceptions_init                     - Undefined Weak Reference
    __alloca_initialize                       - Undefined Weak Reference
    __arm_preinit_                            - Undefined Weak Reference
    __cpp_initialize__aeabi_                  - Undefined Weak Reference
    __cxa_finalize                            - Undefined Weak Reference
    __sigvec_lookup                           - Undefined Weak Reference
    __user_heap_extent                        - Undefined Weak Reference
    _atexit_init                              - Undefined Weak Reference
    _call_atexit_fns                          - Undefined Weak Reference
    _clock_init                               - Undefined Weak Reference
    _fp_trap_init                             - Undefined Weak Reference
    _fp_trap_shutdown                         - Undefined Weak Reference
    _get_lc_collate                           - Undefined Weak Reference
    _get_lc_monetary                          - Undefined Weak Reference
    _get_lc_time                              - Undefined Weak Reference
    _getenv_init                              - Undefined Weak Reference
    _handle_redirection                       - Undefined Weak Reference
    _mutex_acquire                            - Undefined Weak Reference
    _mutex_free                               - Undefined Weak Reference
    _mutex_release                            - Undefined Weak Reference
    _printf_mbtowc                            - Undefined Weak Reference
    _printf_wc                                - Undefined Weak Reference
    _rand_init                                - Undefined Weak Reference
    _signal_finish                            - Undefined Weak Reference
    _signal_init                              - Undefined Weak Reference
    __Vectors_End                            0x0000026c   Data           0  startup_tm4c123.o(RESET)
    __Vectors_Size                           0x0000026c   Number         0  startup_tm4c123.o ABSOLUTE
    __main                                   0x0000026d   Thumb Code     8  __main.o(!!!main)
    __scatterload                            0x00000275   Thumb Code     0  __scatter.o(!!!scatter)
    __scatterload_rt2                        0x00000275   Thumb Code    44  __scatter.o(!!!scatter)
    __scatterload_rt2_thumb_only             0x00000275   Thumb Code     0  __scatter.o(!!!scatter)
    __scatterload_null                       0x00000283   Thumb Code     0  __scatter.o(!!!scatter)
    __scatterload_copy                       0x000002a9   Thumb Code    26  __scatter_copy.o(!!handler_copy)
    __scatterload_zeroinit                   0x000002c5   Thumb Code    28  __scatter_zi.o(!!handler_zi)
    __rt_lib_init                            0x000002e1   Thumb Code     0  libinit.o(.ARM.Collect$$libinit$$00000000)
    __rt_lib_init_fp_1                       0x000002e3   Thumb Code     0  libinit2.o(.ARM.Collect$$libinit$$00000001)
    __rt_lib_init_alloca_1                   0x000002e7   Thumb Code     0  libinit2.o(.ARM.Collect$$libinit$$0000002E)
    __rt_lib_init_argv_1                     0x000002e7   Thumb Code     0  libinit2.o(.ARM.Collect$$libinit$$0000002C)
    __rt_lib_init_atexit_1                   0x000002e7   Thumb Code     0  libinit2.o(.ARM.Collect$$libinit$$0000001B)
    __rt_lib_init_clock_1                    0x000002e7   Thumb Code     0  libinit2.o(.ARM.Collect$$libinit$$00000021)
    __rt_lib_init_cpp_1                      0x000002e7   Thumb Code     0  libinit2.o(.ARM.Collect$$libinit$$00000032)
    __rt_lib_init_exceptions_1               0x000002e7   Thumb Code     0  libinit2.o(.ARM.Collect$$libinit$$00000030)
    __rt_lib_init_fp_trap_1                  0x000002e7   Thumb Code     0  libinit2.o(.ARM.Collect$$libinit$$0000001F)
    __rt_lib_init_getenv_1                   0x000002e7   Thumb Code     0  libinit2.o(.ARM.Collect$$libinit$$00000023)
    __rt_lib_init_heap_1                     0x000002e7   Thumb Code     0  libinit2.o(.ARM.Collect$$libinit$$0000000A)
    __rt_lib_init_lc_collate_1               0x000002e7   Thumb Code     0  libinit2.o(.ARM.Collect$$libinit$$00000011)
    __rt_lib_init_lc_ctype_1                 0x000002e7   Thumb Code     0  libinit2.o(.ARM.Collect$$libinit$$00000013)
    __rt_lib_init_lc_monetary_1              0x000002e7   Thumb Code     0  libinit2.o(.ARM.Collect$$libinit$$00000015)
    __rt_lib_init_lc_numeric_1               0x000002e7   Thumb Code     0  libinit2.o(.ARM.Collect$$libinit$$00000017)
    __rt_lib_init_lc_time_1                  0x000002e7   Thumb Code     0  libinit2.o(.ARM.Collect$$libinit$$00000019)
    __rt_lib_init_preinit_1                  0x000002e7   Thumb Code     0  libinit2.o(.ARM.Collect$$libinit$$00000004)
    __rt_lib_init_rand_1                     0x000002e7   Thumb Code     0  libinit2.o(.ARM.Collect$$libinit$$0000000E)
    __rt_lib_init_return                     0x000002e7   Thumb Code     0  libinit2.o(.ARM.Collect$$libinit$$00000033)
    __rt_lib_init_signal_1                   0x000002e7   Thumb Code     0  libinit2.o(.ARM.Collect$$libinit$$0000001D)
    __rt_lib_init_stdio_1                    0x000002e7   Thumb Code     0  libinit2.o(.ARM.Collect$$libinit$$00000025)
    __rt_lib_init_user_alloc_1               0x000002e7   Thumb Code     0  libinit2.o(.ARM.Collect$$libinit$$0000000C)
    __rt_lib_shutdown                        0x000002e9   Thumb Code     0  libshutdown.o(.ARM.Collect$$libshutdown$$00000000)
    __rt_lib_shutdown_cpp_1                  0x000002eb   Thumb Code     0  libshutdown2.o(.ARM.Collect$$libshutdown$$00000002)
    __rt_lib_shutdown_fp_trap_1              0x000002eb   Thumb Code     0  libshutdown2.o(.ARM.Collect$$libshutdown$$00000007)
    __rt_lib_shutdown_heap_1                 0x000002eb   Thumb Code     0  libshutdown2.o(.ARM.Collect$$libshutdown$$0000000F)
    __rt_lib_shutdown_return                 0x000002eb   Thumb Code     0  libshutdown2.o(.ARM.Collect$$libshutdown$$00000010)
    __rt_lib_shutdown_signal_1               0x000002eb   Thumb Code     0  libshutdown2.o(.ARM.Collect$$libshutdown$$0000000A)
    __rt_lib_shutdown_stdio_1                0x000002eb   Thumb Code     0  libshutdown2.o(.ARM.Collect$$libshutdown$$00000004)
    __rt_lib_shutdown_user_alloc_1           0x000002eb   Thumb Code     0  libshutdown2.o(.ARM.Collect$$libshutdown$$0000000C)
    __rt_entry                               0x000002ed   Thumb Code     0  __rtentry.o(.ARM.Collect$$rtentry$$00000000)
    __rt_entry_presh_1                       0x000002ed   Thumb Code     0  __rtentry2.o(.ARM.Collect$$rtentry$$00000002)
    __rt_entry_sh                            0x000002ed   Thumb Code     0  __rtentry4.o(.ARM.Collect$$rtentry$$00000004)
    __rt_entry_li                            0x000002f3   Thumb Code     0  __rtentry2.o(.ARM.Collect$$rtentry$$0000000A)
    __rt_entry_postsh_1                      0x000002f3   Thumb Code     0  __rtentry2.o(.ARM.Collect$$rtentry$$00000009)
    __rt_entry_main                          0x000002f7   Thumb Code     0  __rtentry2.o(.ARM.Collect$$rtentry$$0000000D)
    __rt_entry_postli_1                      0x000002f7   Thumb Code     0  __rtentry2.o(.ARM.Collect$$rtentry$$0000000C)
    __rt_exit                                0x000002ff   Thumb Code     0  rtexit.o(.ARM.Collect$$rtexit$$00000000)
    __rt_exit_ls                             0x00000301   Thumb Code     0  rtexit2.o(.ARM.Collect$$rtexit$$00000003)
    __rt_exit_prels_1                        0x00000301   Thumb Code     0  rtexit2.o(.ARM.Collect$$rtexit$$00000002)
    __rt_exit_exit                           0x00000305   Thumb Code     0  rtexit2.o(.ARM.Collect$$rtexit$$00000004)
    Reset_Handler                            0x0000030d   Thumb Code     8  startup_tm4c123.o(.text)
    NMI_Handler                              0x00000315   Thumb Code     2  startup_tm4c123.o(.text)
    HardFault_Handler                        0x00000317   Thumb Code     2  startup_tm4c123.o(.text)
    MemManage_Handler                        0x00000319   Thumb Code     2  startup_tm4c123.o(.text)
    BusFault_Handler                         0x0000031b   Thumb Code     2  startup_tm4c123.o(.text)
    UsageFault_Handler                       0x0000031d   Thumb Code     2  startup_tm4c123.o(.text)
    DebugMon_Handler                         0x00000321   Thumb Code     2  startup_tm4c123.o(.text)
    GPIOA_Handler                            0x00000327   Thumb Code     2  startup_tm4c123.o(.text)
    GPIOB_Handler                            0x00000329   Thumb Code     2  startup_tm4c123.o(.text)
    GPIOC_Handler                            0x0000032b   Thumb Code     2  startup_tm4c123.o(.text)
    GPIOD_Handler                            0x0000032d   Thumb Code     2  startup_tm4c123.o(.text)
    GPIOE_Handler                            0x0000032f   Thumb Code     2  startup_tm4c123.o(.text)
    UART0_Handler                            0x00000331   Thumb Code     2  startup_tm4c123.o(.text)
    UART1_Handler                            0x00000333   Thumb Code     2  startup_tm4c123.o(.text)
    SSI0_Handler                             0x00000335   Thumb Code     2  startup_tm4c123.o(.text)
    I2C0_Handler                             0x00000337   Thumb Code     2  startup_tm4c123.o(.text)
    PMW0_FAULT_Handler                       0x00000339   Thumb Code     2  startup_tm4c123.o(.text)
    PWM0_0_Handler                           0x0000033b   Thumb Code     2  startup_tm4c123.o(.text)
    PWM0_1_Handler                           0x0000033d   Thumb Code     2  startup_tm4c123.o(.text)
    PWM0_2_Handler                           0x0000033f   Thumb Code     2  startup_tm4c123.o(.text)
    QEI0_Handler                             0x00000341   Thumb Code     2  startup_tm4c123.o(.text)
    ADC0SS0_Handler                          0x00000343   Thumb Code     2  startup_tm4c123.o(.text)
    ADC0SS1_Handler                          0x00000345   Thumb Code     2  startup_tm4c123.o(.text)
    ADC0SS2_Handler                          0x00000347   Thumb Code     2  startup_tm4c123.o(.text)
    ADC0SS3_Handler                          0x00000349   Thumb Code     2  startup_tm4c123.o(.text)
    WDT0_Handler                             0x0000034b   Thumb Code     2  startup_tm4c123.o(.text)
    TIMER0A_Handler                          0x0000034d   Thumb Code     2  startup_tm4c123.o(.text)
    TIMER0B_Handler                          0x0000034f   Thumb Code     2  startup_tm4c123.o(.text)
    TIMER1A_Handler                          0x00000351   Thumb Code     2  startup_tm4c123.o(.text)
    TIMER1B_Handler                          0x00000353   Thumb Code     2  startup_tm4c123.o(.text)
    TIMER2A_Handler                          0x00000355   Thumb Code     2  startup_tm4c123.o(.text)
    TIMER2B_Handler                          0x00000357   Thumb Code     2  startup_tm4c123.o(.text)
    COMP0_Handler                            0x00000359   Thumb Code     2  startup_tm4c123.o(.text)
    COMP1_Handler                            0x0000035b   Thumb Code     2  startup_tm4c123.o(.text)
    COMP2_Handler                            0x0000035d   Thumb Code     2  startup_tm4c123.o(.text)
    SYSCTL_Handler                           0x0000035f   Thumb Code     2  startup_tm4c123.o(.text)
    FLASH_Handler                            0x00000361   Thumb Code     2  startup_tm4c123.o(.text)
    GPIOG_Handler                            0x00000365   Thumb Code     2  startup_tm4c123.o(.text)
    GPIOH_Handler                            0x00000367   Thumb Code     2  startup_tm4c123.o(.text)
    UART2_Handler                            0x00000369   Thumb Code     2  startup_tm4c123.o(.text)
    SSI1_Handler                             0x0000036b   Thumb Code     2  startup_tm4c123.o(.text)
    TIMER3A_Handler                          0x0000036d   Thumb Code     2  startup_tm4c123.o(.text)
    TIMER3B_Handler                          0x0000036f   Thumb Code     2  startup_tm4c123.o(.text)
    I2C1_Handler                             0x00000371   Thumb Code     2  startup_tm4c123.o(.text)
    QEI1_Handler                             0x00000373   Thumb Code     2  startup_tm4c123.o(.text)
    CAN0_Handler                             0x00000375   Thumb Code     2  startup_tm4c123.o(.text)
    CAN1_Handler                             0x00000377   Thumb Code     2  startup_tm4c123.o(.text)
    CAN2_Handler                             0x00000379   Thumb Code     2  startup_tm4c123.o(.text)
    HIB_Handler                              0x0000037b   Thumb Code     2  startup_tm4c123.o(.text)
    USB0_Handler                             0x0000037d   Thumb Code     2  startup_tm4c123.o(.text)
    PWM0_3_Handler                           0x0000037f   Thumb Code     2  startup_tm4c123.o(.text)
    UDMA_Handler                             0x00000381   Thumb Code     2  startup_tm4c123.o(.text)
    UDMAERR_Handler                          0x00000383   Thumb Code     2  startup_tm4c123.o(.text)
    ADC1SS0_Handler                          0x00000385   Thumb Code     2  startup_tm4c123.o(.text)
    ADC1SS1_Handler                          0x00000387   Thumb Code     2  startup_tm4c123.o(.text)
    ADC1SS2_Handler                          0x00000389   Thumb Code     2  startup_tm4c123.o(.text)
    ADC1SS3_Handler                          0x0000038b   Thumb Code     2  startup_tm4c123.o(.text)
    GPIOJ_Handler                            0x0000038d   Thumb Code     2  startup_tm4c123.o(.text)
    GPIOK_Handler                            0x0000038f   Thumb Code     2  startup_tm4c123.o(.text)
    GPIOL_Handler                            0x00000391   Thumb Code     2  startup_tm4c123.o(.text)
    SSI2_Handler                             0x00000393   Thumb Code     2  startup_tm4c123.o(.text)
    SSI3_Handler                             0x00000395   Thumb Code     2  startup_tm4c123.o(.text)
    UART3_Handler                            0x00000397   Thumb Code     2  startup_tm4c123.o(.text)
    UART4_Handler                            0x00000399   Thumb Code     2  startup_tm4c123.o(.text)
    UART5_Handler                            0x0000039b   Thumb Code     2  startup_tm4c123.o(.text)
    UART6_Handler                            0x0000039d   Thumb Code     2  startup_tm4c123.o(.text)
    UART7_Handler                            0x0000039f   Thumb Code     2  startup_tm4c123.o(.text)
    I2C2_Handler                             0x000003a1   Thumb Code     2  startup_tm4c123.o(.text)
    I2C3_Handler                             0x000003a3   Thumb Code     2  startup_tm4c123.o(.text)
    TIMER4A_Handler                          0x000003a5   Thumb Code     2  startup_tm4c123.o(.text)
    TIMER4B_Handler                          0x000003a7   Thumb Code     2  startup_tm4c123.o(.text)
    TIMER5A_Handler                          0x000003a9   Thumb Code     2  startup_tm4c123.o(.text)
    TIMER5B_Handler                          0x000003ab   Thumb Code     2  startup_tm4c123.o(.text)
    WTIMER0A_Handler                         0x000003ad   Thumb Code     2  startup_tm4c123.o(.text)
    WTIMER0B_Handler                         0x000003af   Thumb Code     2  startup_tm4c123.o(.text)
    WTIMER1A_Handler                         0x000003b1   Thumb Code     2  startup_tm4c123.o(.text)
    WTIMER1B_Handler                         0x000003b3   Thumb Code     2  startup_tm4c123.o(.text)
    WTIMER2A_Handler                         0x000003b5   Thumb Code     2  startup_tm4c123.o(.text)
    WTIMER2B_Handler                         0x000003b7   Thumb Code     2  startup_tm4c123.o(.text)
    WTIMER3A_Handler                         0x000003b9   Thumb Code     2  startup_tm4c123.o(.text)
    WTIMER3B_Handler                         0x000003bb   Thumb Code     2  startup_tm4c123.o(.text)
    WTIMER4A_Handler                         0x000003bd   Thumb Code     2  startup_tm4c123.o(.text)
    WTIMER4B_Handler                         0x000003bf   Thumb Code     2  startup_tm4c123.o(.text)
    WTIMER5A_Handler                         0x000003c1   Thumb Code     2  startup_tm4c123.o(.text)
    WTIMER5B_Handler                         0x000003c3   Thumb Code     2  startup_tm4c123.o(.text)
    FPU_Handler                              0x000003c5   Thumb Code     2  startup_tm4c123.o(.text)
    I2C4_Handler                             0x000003c7   Thumb Code     2  startup_tm4c123.o(.text)
    I2C5_Handler                             0x000003c9   Thumb Code     2  startup_tm4c123.o(.text)
    GPIOM_Handler                            0x000003cb   Thumb Code     2  startup_tm4c123.o(.text)
    GPION_Handler                            0x000003cd   Thumb Code     2  startup_tm4c123.o(.text)
    QEI2_Handler                             0x000003cf   Thumb Code     2  startup_tm4c123.o(.text)
    GPIOP0_Handler                           0x000003d1   Thumb Code     2  startup_tm4c123.o(.text)
    GPIOP1_Handler                           0x000003d3   Thumb Code     2  startup_tm4c123.o(.text)
    GPIOP2_Handler                           0x000003d5   Thumb Code     2  startup_tm4c123.o(.text)
    GPIOP3_Handler                           0x000003d7   Thumb Code     2  startup_tm4c123.o(.text)
    GPIOP4_Handler                           0x000003d9   Thumb Code     2  startup_tm4c123.o(.text)
    GPIOP5_Handler                           0x000003db   Thumb Code     2  startup_tm4c123.o(.text)
    GPIOP6_Handler                           0x000003dd   Thumb Code     2  startup_tm4c123.o(.text)
    GPIOP7_Handler                           0x000003df   Thumb Code     2  startup_tm4c123.o(.text)
    GPIOQ0_Handler                           0x000003e1   Thumb Code     2  startup_tm4c123.o(.text)
    GPIOQ1_Handler                           0x000003e3   Thumb Code     2  startup_tm4c123.o(.text)
    GPIOQ2_Handler                           0x000003e5   Thumb Code     2  startup_tm4c123.o(.text)
    GPIOQ3_Handler                           0x000003e7   Thumb Code     2  startup_tm4c123.o(.text)
    GPIOQ4_Handler                           0x000003e9   Thumb Code     2  startup_tm4c123.o(.text)
    GPIOQ5_Handler                           0x000003eb   Thumb Code     2  startup_tm4c123.o(.text)
    GPIOQ6_Handler                           0x000003ed   Thumb Code     2  startup_tm4c123.o(.text)
    GPIOQ7_Handler                           0x000003ef   Thumb Code     2  startup_tm4c123.o(.text)
    GPIOR_Handler                            0x000003f1   Thumb Code     2  startup_tm4c123.o(.text)
    GPIOS_Handler                            0x000003f3   Thumb Code     2  startup_tm4c123.o(.text)
    PMW1_0_Handler                           0x000003f5   Thumb Code     2  startup_tm4c123.o(.text)
    PWM1_1_Handler                           0x000003f7   Thumb Code     2  startup_tm4c123.o(.text)
    PWM1_2_Handler                           0x000003f9   Thumb Code     2  startup_tm4c123.o(.text)
    PWM1_3_Handler                           0x000003fb   Thumb Code     2  startup_tm4c123.o(.text)
    PWM1_FAULT_Handler                       0x000003fd   Thumb Code     2  startup_tm4c123.o(.text)
    __user_initial_stackheap                 0x00000401   Thumb Code     0  startup_tm4c123.o(.text)
    __aeabi_memcpy                           0x00000421   Thumb Code     0  rt_memcpy_v6.o(.text)
    __rt_memcpy                              0x00000421   Thumb Code   138  rt_memcpy_v6.o(.text)
    _memcpy_lastbytes                        0x00000487   Thumb Code     0  rt_memcpy_v6.o(.text)
    __aeabi_memset4                          0x000004ab   Thumb Code    16  aeabi_memset4.o(.text)
    __aeabi_memset8                          0x000004ab   Thumb Code     0  aeabi_memset4.o(.text)
    __use_two_region_memory                  0x000004bb   Thumb Code     2  heapauxi.o(.text)
    __rt_heap_escrow                         0x000004bd   Thumb Code     2  heapauxi.o(.text)
    __rt_heap_expand                         0x000004bf   Thumb Code     2  heapauxi.o(.text)
    __aeabi_memcpy4                          0x000004c1   Thumb Code     0  rt_memcpy_w.o(.text)
    __aeabi_memcpy8                          0x000004c1   Thumb Code     0  rt_memcpy_w.o(.text)
    __rt_memcpy_w                            0x000004c1   Thumb Code   100  rt_memcpy_w.o(.text)
    _memcpy_lastbytes_aligned                0x00000509   Thumb Code     0  rt_memcpy_w.o(.text)
    __aeabi_memclr4                          0x00000525   Thumb Code     0  rt_memclr_w.o(.text)
    __aeabi_memclr8                          0x00000525   Thumb Code     0  rt_memclr_w.o(.text)
    __rt_memclr_w                            0x00000525   Thumb Code     0  rt_memclr_w.o(.text)
    _memset_w                                0x00000529   Thumb Code    74  rt_memclr_w.o(.text)
    __user_setup_stackheap                   0x00000573   Thumb Code    74  sys_stackheap_outer.o(.text)
    exit                                     0x000005bd   Thumb Code    18  exit.o(.text)
    __user_libspace                          0x000005d1   Thumb Code     8  libspace.o(.text)
    __user_perproc_libspace                  0x000005d1   Thumb Code     0  libspace.o(.text)
    __user_perthread_libspace                0x000005d1   Thumb Code     0  libspace.o(.text)
    _sys_exit                                0x000005d9   Thumb Code     8  sys_exit.o(.text)
    __I$use$semihosting                      0x000005e5   Thumb Code     0  use_no_semi.o(.text)
    __use_no_semihosting_swi                 0x000005e5   Thumb Code     2  use_no_semi.o(.text)
    __semihosting_library_function           0x000005e7   Thumb Code     0  indicate_semi.o(.text)
    ADC0SS3_init                             0x000005e9   Thumb Code   150  pot.o(.text.ADC0SS3_init)
    ADC_readMeasuredTemp                     0x00000681   Thumb Code   308  main.o(.text.ADC_readMeasuredTemp)
    DIO_ReadPin                              0x000007b5   Thumb Code   210  dio.o(.text.DIO_ReadPin)
    DIO_WritePin                             0x00000889   Thumb Code   416  dio.o(.text.DIO_WritePin)
    DIO_init                                 0x00000a29   Thumb Code  1212  dio.o(.text.DIO_init)
    GPIOF_Handler                            0x00000ee5   Thumb Code    94  main.o(.text.GPIOF_Handler)
    KEYPAD_getkey                            0x00000f45   Thumb Code   408  main.o(.text.KEYPAD_getkey)
    LCD_Cmd                                  0x000010dd   Thumb Code    66  lcd.o(.text.LCD_Cmd)
    LCD_Cursor                               0x00001121   Thumb Code    56  lcd.o(.text.LCD_Cursor)
    LCD_Data                                 0x00001159   Thumb Code    56  lcd.o(.text.LCD_Data)
    LCD_WriteNum                             0x00001191   Thumb Code   178  lcd.o(.text.LCD_WriteNum)
    LCD_WriteString                          0x00001245   Thumb Code    44  lcd.o(.text.LCD_WriteString)
    LCD_init                                 0x00001271   Thumb Code   122  lcd.o(.text.LCD_init)
    PORTF_init                               0x000012ed   Thumb Code    56  led.o(.text.PORTF_init)
    PendSV_Handler                           0x00001331   Thumb Code   100  port.o(.text.PendSV_Handler)
    SVC_Handler                              0x000013a1   Thumb Code    36  port.o(.text.SVC_Handler)
    SysTick_Handler                          0x000013c5   Thumb Code    60  port.o(.text.SysTick_Handler)
    SystemInit                               0x00001401   Thumb Code   268  system_tm4c123.o(.text.SystemInit)
    buzzerTask                               0x0000150d   Thumb Code    86  main.o(.text.buzzerTask)
    delay_milli                              0x00001565   Thumb Code    62  delay.o(.text.delay_milli)
    keypad_Init                              0x000015a5   Thumb Code   278  keypad.o(.text.keypad_Init)
    main                                     0x000016bd   Thumb Code   384  main.o(.text.main)
    pvPortMalloc                             0x00002629   Thumb Code   192  heap_1.o(.text.pvPortMalloc)
    pvTaskIncrementMutexHeldCount            0x000026e9   Thumb Code    44  tasks.o(.text.pvTaskIncrementMutexHeldCount)
    pxPortInitialiseStack                    0x00002715   Thumb Code    94  port.o(.text.pxPortInitialiseStack)
    redTask                                  0x00002775   Thumb Code    56  main.o(.text.redTask)
    uxListRemove                             0x000027ad   Thumb Code    72  list.o(.text.uxListRemove)
    vListInitialise                          0x000027f5   Thumb Code    46  list.o(.text.vListInitialise)
    vListInitialiseItem                      0x00002825   Thumb Code    14  list.o(.text.vListInitialiseItem)
    vListInsert                              0x00002835   Thumb Code   106  list.o(.text.vListInsert)
    vPortEnterCritical                       0x000028b5   Thumb Code    86  port.o(.text.vPortEnterCritical)
    vPortExitCritical                        0x0000290d   Thumb Code    74  port.o(.text.vPortExitCritical)
    vPortFree                                0x00002959   Thumb Code    36  heap_1.o(.text.vPortFree)
    vPortSetupTimerInterrupt                 0x0000297d   Thumb Code    68  port.o(.text.vPortSetupTimerInterrupt)
    vPortValidateInterruptPriority           0x000029c1   Thumb Code   132  port.o(.text.vPortValidateInterruptPriority)
    vQueueWaitForMessageRestricted           0x00002a45   Thumb Code   100  queue.o(.text.vQueueWaitForMessageRestricted)
    vTaskDelay                               0x00002aa9   Thumb Code   110  tasks.o(.text.vTaskDelay)
    vTaskInternalSetTimeOutState             0x00002b19   Thumb Code    36  tasks.o(.text.vTaskInternalSetTimeOutState)
    vTaskMissedYield                         0x00002b3d   Thumb Code    14  tasks.o(.text.vTaskMissedYield)
    vTaskPlaceOnEventList                    0x00002b4d   Thumb Code    66  tasks.o(.text.vTaskPlaceOnEventList)
    vTaskPlaceOnEventListRestricted          0x00002b91   Thumb Code   124  tasks.o(.text.vTaskPlaceOnEventListRestricted)
    vTaskPriorityDisinheritAfterTimeout      0x00002c0d   Thumb Code   386  tasks.o(.text.vTaskPriorityDisinheritAfterTimeout)
    vTaskStartScheduler                      0x00002d91   Thumb Code   186  tasks.o(.text.vTaskStartScheduler)
    vTaskSuspendAll                          0x00002e4d   Thumb Code    16  tasks.o(.text.vTaskSuspendAll)
    vTaskSwitchContext                       0x00002e5d   Thumb Code   190  tasks.o(.text.vTaskSwitchContext)
    xPortStartScheduler                      0x00002f1d   Thumb Code   342  port.o(.text.xPortStartScheduler)
    xQueueCreateMutex                        0x00003075   Thumb Code    38  queue.o(.text.xQueueCreateMutex)
    xQueueGenericCreate                      0x0000309d   Thumb Code   154  queue.o(.text.xQueueGenericCreate)
    xQueueGenericReset                       0x00003139   Thumb Code   264  queue.o(.text.xQueueGenericReset)
    xQueueGenericSend                        0x00003241   Thumb Code   628  queue.o(.text.xQueueGenericSend)
    xQueueGiveFromISR                        0x000034b5   Thumb Code   366  queue.o(.text.xQueueGiveFromISR)
    xQueueReceive                            0x00003625   Thumb Code   476  queue.o(.text.xQueueReceive)
    xQueueSemaphoreTake                      0x00003801   Thumb Code   556  queue.o(.text.xQueueSemaphoreTake)
    xTaskCheckForTimeOut                     0x00003a2d   Thumb Code   252  tasks.o(.text.xTaskCheckForTimeOut)
    xTaskCreate                              0x00003b29   Thumb Code   152  tasks.o(.text.xTaskCreate)
    xTaskGetSchedulerState                   0x00003bc1   Thumb Code    56  tasks.o(.text.xTaskGetSchedulerState)
    xTaskGetTickCount                        0x00003bf9   Thumb Code    20  tasks.o(.text.xTaskGetTickCount)
    xTaskIncrementTick                       0x00003c0d   Thumb Code   608  tasks.o(.text.xTaskIncrementTick)
    xTaskPriorityDisinherit                  0x00003e6d   Thumb Code   312  tasks.o(.text.xTaskPriorityDisinherit)
    xTaskPriorityInherit                     0x00003fa5   Thumb Code   348  tasks.o(.text.xTaskPriorityInherit)
    xTaskRemoveFromEventList                 0x00004101   Thumb Code   396  tasks.o(.text.xTaskRemoveFromEventList)
    xTaskResumeAll                           0x0000428d   Thumb Code   546  tasks.o(.text.xTaskResumeAll)
    xTimerCreateTimerTask                    0x000044b1   Thumb Code   108  timers.o(.text.xTimerCreateTimerTask)
    _fp_init                                 0x0000451d   Thumb Code    26  fpinit.o(x$fpl$fpinit)
    __fplib_config_fpu_vfp                   0x00004535   Thumb Code     0  fpinit.o(x$fpl$fpinit)
    __fplib_config_pureend_doubles           0x00004535   Thumb Code     0  fpinit.o(x$fpl$fpinit)
    uxTopUsedPriority                        0x0000459c   Data           4  tasks.o(.rodata.uxTopUsedPriority)
    Region$$Table$$Base                      0x000045a0   Number         0  anon$$obj.o(Region$$Table)
    Region$$Table$$Limit                     0x000045c0   Number         0  anon$$obj.o(Region$$Table)
    SystemCoreClock                          0x20000000   Data           4  system_tm4c123.o(.data.SystemCoreClock)
    __libspace_start                         0x20000020   Data          96  libspace.o(.bss)
    __temporary_stack_top$libspace           0x20000080   Data           0  libspace.o(.bss)
    pxCurrentTCB                             0x20000088   Data           4  tasks.o(.bss.pxCurrentTCB)



==============================================================================

Memory Map of the image

  Image Entry point : 0x0000030d

  Load Region LR_1 (Base: 0x00000000, Size: 0x000045dc, Max: 0xffffffff, ABSOLUTE)

    Execution Region ER_RO (Exec base: 0x00000000, Load base: 0x00000000, Size: 0x000045c0, Max: 0xffffffff, ABSOLUTE)

    Exec Addr    Load Addr    Size         Type   Attr      Idx    E Section Name        Object

    0x00000000   0x00000000   0x0000026c   Data   RO          113    RESET               startup_tm4c123.o
    0x0000026c   0x0000026c   0x00000008   Code   RO          536  * !!!main             c_w.l(__main.o)
    0x00000274   0x00000274   0x00000034   Code   RO         1034    !!!scatter          c_w.l(__scatter.o)
    0x000002a8   0x000002a8   0x0000001a   Code   RO         1036    !!handler_copy      c_w.l(__scatter_copy.o)
    0x000002c2   0x000002c2   0x00000002   PAD
    0x000002c4   0x000002c4   0x0000001c   Code   RO         1038    !!handler_zi        c_w.l(__scatter_zi.o)
    0x000002e0   0x000002e0   0x00000002   Code   RO          823    .ARM.Collect$$libinit$$00000000  c_w.l(libinit.o)
    0x000002e2   0x000002e2   0x00000004   Code   RO          824    .ARM.Collect$$libinit$$00000001  c_w.l(libinit2.o)
    0x000002e6   0x000002e6   0x00000000   Code   RO          827    .ARM.Collect$$libinit$$00000004  c_w.l(libinit2.o)
    0x000002e6   0x000002e6   0x00000000   Code   RO          830    .ARM.Collect$$libinit$$0000000A  c_w.l(libinit2.o)
    0x000002e6   0x000002e6   0x00000000   Code   RO          832    .ARM.Collect$$libinit$$0000000C  c_w.l(libinit2.o)
    0x000002e6   0x000002e6   0x00000000   Code   RO          834    .ARM.Collect$$libinit$$0000000E  c_w.l(libinit2.o)
    0x000002e6   0x000002e6   0x00000000   Code   RO          837    .ARM.Collect$$libinit$$00000011  c_w.l(libinit2.o)
    0x000002e6   0x000002e6   0x00000000   Code   RO          839    .ARM.Collect$$libinit$$00000013  c_w.l(libinit2.o)
    0x000002e6   0x000002e6   0x00000000   Code   RO          841    .ARM.Collect$$libinit$$00000015  c_w.l(libinit2.o)
    0x000002e6   0x000002e6   0x00000000   Code   RO          843    .ARM.Collect$$libinit$$00000017  c_w.l(libinit2.o)
    0x000002e6   0x000002e6   0x00000000   Code   RO          845    .ARM.Collect$$libinit$$00000019  c_w.l(libinit2.o)
    0x000002e6   0x000002e6   0x00000000   Code   RO          847    .ARM.Collect$$libinit$$0000001B  c_w.l(libinit2.o)
    0x000002e6   0x000002e6   0x00000000   Code   RO          849    .ARM.Collect$$libinit$$0000001D  c_w.l(libinit2.o)
    0x000002e6   0x000002e6   0x00000000   Code   RO          851    .ARM.Collect$$libinit$$0000001F  c_w.l(libinit2.o)
    0x000002e6   0x000002e6   0x00000000   Code   RO          853    .ARM.Collect$$libinit$$00000021  c_w.l(libinit2.o)
    0x000002e6   0x000002e6   0x00000000   Code   RO          855    .ARM.Collect$$libinit$$00000023  c_w.l(libinit2.o)
    0x000002e6   0x000002e6   0x00000000   Code   RO          857    .ARM.Collect$$libinit$$00000025  c_w.l(libinit2.o)
    0x000002e6   0x000002e6   0x00000000   Code   RO          861    .ARM.Collect$$libinit$$0000002C  c_w.l(libinit2.o)
    0x000002e6   0x000002e6   0x00000000   Code   RO          863    .ARM.Collect$$libinit$$0000002E  c_w.l(libinit2.o)
    0x000002e6   0x000002e6   0x00000000   Code   RO          865    .ARM.Collect$$libinit$$00000030  c_w.l(libinit2.o)
    0x000002e6   0x000002e6   0x00000000   Code   RO          867    .ARM.Collect$$libinit$$00000032  c_w.l(libinit2.o)
    0x000002e6   0x000002e6   0x00000002   Code   RO          868    .ARM.Collect$$libinit$$00000033  c_w.l(libinit2.o)
    0x000002e8   0x000002e8   0x00000002   Code   RO         1013    .ARM.Collect$$libshutdown$$00000000  c_w.l(libshutdown.o)
    0x000002ea   0x000002ea   0x00000000   Code   RO          870    .ARM.Collect$$libshutdown$$00000002  c_w.l(libshutdown2.o)
    0x000002ea   0x000002ea   0x00000000   Code   RO          872    .ARM.Collect$$libshutdown$$00000004  c_w.l(libshutdown2.o)
    0x000002ea   0x000002ea   0x00000000   Code   RO          875    .ARM.Collect$$libshutdown$$00000007  c_w.l(libshutdown2.o)
    0x000002ea   0x000002ea   0x00000000   Code   RO          878    .ARM.Collect$$libshutdown$$0000000A  c_w.l(libshutdown2.o)
    0x000002ea   0x000002ea   0x00000000   Code   RO          880    .ARM.Collect$$libshutdown$$0000000C  c_w.l(libshutdown2.o)
    0x000002ea   0x000002ea   0x00000000   Code   RO          883    .ARM.Collect$$libshutdown$$0000000F  c_w.l(libshutdown2.o)
    0x000002ea   0x000002ea   0x00000002   Code   RO          884    .ARM.Collect$$libshutdown$$00000010  c_w.l(libshutdown2.o)
    0x000002ec   0x000002ec   0x00000000   Code   RO          546    .ARM.Collect$$rtentry$$00000000  c_w.l(__rtentry.o)
    0x000002ec   0x000002ec   0x00000000   Code   RO          655    .ARM.Collect$$rtentry$$00000002  c_w.l(__rtentry2.o)
    0x000002ec   0x000002ec   0x00000006   Code   RO          667    .ARM.Collect$$rtentry$$00000004  c_w.l(__rtentry4.o)
    0x000002f2   0x000002f2   0x00000000   Code   RO          657    .ARM.Collect$$rtentry$$00000009  c_w.l(__rtentry2.o)
    0x000002f2   0x000002f2   0x00000004   Code   RO          658    .ARM.Collect$$rtentry$$0000000A  c_w.l(__rtentry2.o)
    0x000002f6   0x000002f6   0x00000000   Code   RO          660    .ARM.Collect$$rtentry$$0000000C  c_w.l(__rtentry2.o)
    0x000002f6   0x000002f6   0x00000008   Code   RO          661    .ARM.Collect$$rtentry$$0000000D  c_w.l(__rtentry2.o)
    0x000002fe   0x000002fe   0x00000002   Code   RO          897    .ARM.Collect$$rtexit$$00000000  c_w.l(rtexit.o)
    0x00000300   0x00000300   0x00000000   Code   RO          953    .ARM.Collect$$rtexit$$00000002  c_w.l(rtexit2.o)
    0x00000300   0x00000300   0x00000004   Code   RO          954    .ARM.Collect$$rtexit$$00000003  c_w.l(rtexit2.o)
    0x00000304   0x00000304   0x00000006   Code   RO          955    .ARM.Collect$$rtexit$$00000004  c_w.l(rtexit2.o)
    0x0000030a   0x0000030a   0x00000002   PAD
    0x0000030c   0x0000030c   0x00000114   Code   RO          114  * .text               startup_tm4c123.o
    0x00000420   0x00000420   0x0000008a   Code   RO          530    .text               c_w.l(rt_memcpy_v6.o)
    0x000004aa   0x000004aa   0x00000010   Code   RO          532    .text               c_w.l(aeabi_memset4.o)
    0x000004ba   0x000004ba   0x00000006   Code   RO          534    .text               c_w.l(heapauxi.o)
    0x000004c0   0x000004c0   0x00000064   Code   RO          642    .text               c_w.l(rt_memcpy_w.o)
    0x00000524   0x00000524   0x0000004e   Code   RO          644    .text               c_w.l(rt_memclr_w.o)
    0x00000572   0x00000572   0x0000004a   Code   RO          702    .text               c_w.l(sys_stackheap_outer.o)
    0x000005bc   0x000005bc   0x00000012   Code   RO          812    .text               c_w.l(exit.o)
    0x000005ce   0x000005ce   0x00000002   PAD
    0x000005d0   0x000005d0   0x00000008   Code   RO          894    .text               c_w.l(libspace.o)
    0x000005d8   0x000005d8   0x0000000c   Code   RO          945    .text               c_w.l(sys_exit.o)
    0x000005e4   0x000005e4   0x00000002   Code   RO          949    .text               c_w.l(use_no_semi.o)
    0x000005e6   0x000005e6   0x00000000   Code   RO          951    .text               c_w.l(indicate_semi.o)
    0x000005e6   0x000005e6   0x00000002   PAD
    0x000005e8   0x000005e8   0x00000096   Code   RO           96    .text.ADC0SS3_init  pot.o
    0x0000067e   0x0000067e   0x00000002   PAD
    0x00000680   0x00000680   0x00000134   Code   RO           11    .text.ADC_readMeasuredTemp  main.o
    0x000007b4   0x000007b4   0x000000d2   Code   RO           50    .text.DIO_ReadPin   dio.o
    0x00000886   0x00000886   0x00000002   PAD
    0x00000888   0x00000888   0x000001a0   Code   RO           46    .text.DIO_WritePin  dio.o
    0x00000a28   0x00000a28   0x000004bc   Code   RO           44    .text.DIO_init      dio.o
    0x00000ee4   0x00000ee4   0x0000005e   Code   RO           13    .text.GPIOF_Handler  main.o
    0x00000f42   0x00000f42   0x00000002   PAD
    0x00000f44   0x00000f44   0x00000198   Code   RO            5    .text.KEYPAD_getkey  main.o
    0x000010dc   0x000010dc   0x00000042   Code   RO           71    .text.LCD_Cmd       lcd.o
    0x0000111e   0x0000111e   0x00000002   PAD
    0x00001120   0x00001120   0x00000038   Code   RO           73    .text.LCD_Cursor    lcd.o
    0x00001158   0x00001158   0x00000038   Code   RO           75    .text.LCD_Data      lcd.o
    0x00001190   0x00001190   0x000000b2   Code   RO           79    .text.LCD_WriteNum  lcd.o
    0x00001242   0x00001242   0x00000002   PAD
    0x00001244   0x00001244   0x0000002c   Code   RO           77    .text.LCD_WriteString  lcd.o
    0x00001270   0x00001270   0x0000007a   Code   RO           69    .text.LCD_init      lcd.o
    0x000012ea   0x000012ea   0x00000002   PAD
    0x000012ec   0x000012ec   0x00000038   Code   RO           88    .text.PORTF_init    led.o
    0x00001324   0x00001324   0x0000000c   PAD
    0x00001330   0x00001330   0x00000064   Code   RO          173    .text.PendSV_Handler  port.o
    0x00001394   0x00001394   0x0000000c   PAD
    0x000013a0   0x000013a0   0x00000024   Code   RO          157    .text.SVC_Handler   port.o
    0x000013c4   0x000013c4   0x0000003c   Code   RO          175    .text.SysTick_Handler  port.o
    0x00001400   0x00001400   0x0000010c   Code   RO          125    .text.SystemInit    system_tm4c123.o
    0x0000150c   0x0000150c   0x00000056   Code   RO            9    .text.buzzerTask    main.o
    0x00001562   0x00001562   0x00000002   PAD
    0x00001564   0x00001564   0x0000003e   Code   RO           61    .text.delay_milli   delay.o
    0x000015a2   0x000015a2   0x00000002   PAD
    0x000015a4   0x000015a4   0x00000116   Code   RO          104    .text.keypad_Init   keypad.o
    0x000016ba   0x000016ba   0x00000002   PAD
    0x000016bc   0x000016bc   0x00000180   Code   RO            3    .text.main          main.o
    0x0000183c   0x0000183c   0x00000122   Code   RO          310    .text.prvAddCurrentTaskToDelayedList  tasks.o
    0x0000195e   0x0000195e   0x00000002   PAD
    0x00001960   0x00001960   0x00000154   Code   RO          298    .text.prvAddNewTaskToReadyList  tasks.o
    0x00001ab4   0x00001ab4   0x0000006a   Code   RO          458    .text.prvCheckForValidListAndQueue  timers.o
    0x00001b1e   0x00001b1e   0x00000002   PAD
    0x00001b20   0x00001b20   0x0000005a   Code   RO          424    .text.prvCheckTasksWaitingTermination  tasks.o
    0x00001b7a   0x00001b7a   0x00000002   PAD
    0x00001b7c   0x00001b7c   0x00000042   Code   RO          245    .text.prvCopyDataFromQueue  queue.o
    0x00001bbe   0x00001bbe   0x00000002   PAD
    0x00001bc0   0x00001bc0   0x000000cc   Code   RO          231    .text.prvCopyDataToQueue  queue.o
    0x00001c8c   0x00001c8c   0x00000018   Code   RO          304    .text.prvDeleteTCB  tasks.o
    0x00001ca4   0x00001ca4   0x00000026   Code   RO          249    .text.prvGetDisinheritPriorityAfterTimeout  queue.o
    0x00001cca   0x00001cca   0x00000002   PAD
    0x00001ccc   0x00001ccc   0x00000040   Code   RO          494    .text.prvGetNextExpireTime  timers.o
    0x00001d0c   0x00001d0c   0x00000038   Code   RO          336    .text.prvIdleTask   tasks.o
    0x00001d44   0x00001d44   0x0000002c   Code   RO          215    .text.prvInitialiseMutex  queue.o
    0x00001d70   0x00001d70   0x0000004e   Code   RO          211    .text.prvInitialiseNewQueue  queue.o
    0x00001dbe   0x00001dbe   0x00000002   PAD
    0x00001dc0   0x00001dc0   0x00000146   Code   RO          296    .text.prvInitialiseNewTask  tasks.o
    0x00001f06   0x00001f06   0x00000002   PAD
    0x00001f08   0x00001f08   0x0000008e   Code   RO          422    .text.prvInitialiseTaskLists  tasks.o
    0x00001f96   0x00001f96   0x00000002   PAD
    0x00001f98   0x00001f98   0x00000086   Code   RO          508    .text.prvInsertTimerInActiveList  timers.o
    0x0000201e   0x0000201e   0x00000002   PAD
    0x00002020   0x00002020   0x00000028   Code   RO          247    .text.prvIsQueueEmpty  queue.o
    0x00002048   0x00002048   0x0000002e   Code   RO          235    .text.prvIsQueueFull  queue.o
    0x00002076   0x00002076   0x00000002   PAD
    0x00002078   0x00002078   0x000000d8   Code   RO          233    .text.prvNotifyQueueSetContainer  queue.o
    0x00002150   0x00002150   0x00000028   Code   RO          165    .text.prvPortStartFirstTask  port.o
    0x00002178   0x00002178   0x00000054   Code   RO          502    .text.prvProcessExpiredTimer  timers.o
    0x000021cc   0x000021cc   0x00000180   Code   RO          498    .text.prvProcessReceivedCommands  timers.o
    0x0000234c   0x0000234c   0x0000009a   Code   RO          496    .text.prvProcessTimerOrBlockTask  timers.o
    0x000023e6   0x000023e6   0x00000002   PAD
    0x000023e8   0x000023e8   0x00000034   Code   RO          506    .text.prvReloadTimer  timers.o
    0x0000241c   0x0000241c   0x0000003c   Code   RO          302    .text.prvResetNextTaskUnblockTime  tasks.o
    0x00002458   0x00002458   0x00000044   Code   RO          500    .text.prvSampleTimeNow  timers.o
    0x0000249c   0x0000249c   0x00000052   Code   RO          504    .text.prvSwitchTimerLists  timers.o
    0x000024ee   0x000024ee   0x00000002   PAD
    0x000024f0   0x000024f0   0x0000004c   Code   RO          155    .text.prvTaskExitError  port.o
    0x0000253c   0x0000253c   0x0000001e   Code   RO          460    .text.prvTimerTask  timers.o
    0x0000255a   0x0000255a   0x00000002   PAD
    0x0000255c   0x0000255c   0x000000cc   Code   RO          237    .text.prvUnlockQueue  queue.o
    0x00002628   0x00002628   0x000000c0   Code   RO          189    .text.pvPortMalloc  heap_1.o
    0x000026e8   0x000026e8   0x0000002c   Code   RO          406    .text.pvTaskIncrementMutexHeldCount  tasks.o
    0x00002714   0x00002714   0x0000005e   Code   RO          153    .text.pxPortInitialiseStack  port.o
    0x00002772   0x00002772   0x00000002   PAD
    0x00002774   0x00002774   0x00000038   Code   RO            7    .text.redTask       main.o
    0x000027ac   0x000027ac   0x00000048   Code   RO          144    .text.uxListRemove  list.o
    0x000027f4   0x000027f4   0x0000002e   Code   RO          136    .text.vListInitialise  list.o
    0x00002822   0x00002822   0x00000002   PAD
    0x00002824   0x00002824   0x0000000e   Code   RO          138    .text.vListInitialiseItem  list.o
    0x00002832   0x00002832   0x00000002   PAD
    0x00002834   0x00002834   0x0000006a   Code   RO          142    .text.vListInsert   list.o
    0x0000289e   0x0000289e   0x00000002   PAD
    0x000028a0   0x000028a0   0x00000014   Code   RO          163    .text.vPortEnableVFP  port.o
    0x000028b4   0x000028b4   0x00000056   Code   RO          169    .text.vPortEnterCritical  port.o
    0x0000290a   0x0000290a   0x00000002   PAD
    0x0000290c   0x0000290c   0x0000004a   Code   RO          171    .text.vPortExitCritical  port.o
    0x00002956   0x00002956   0x00000002   PAD
    0x00002958   0x00002958   0x00000024   Code   RO          191    .text.vPortFree     heap_1.o
    0x0000297c   0x0000297c   0x00000044   Code   RO          161    .text.vPortSetupTimerInterrupt  port.o
    0x000029c0   0x000029c0   0x00000084   Code   RO          177    .text.vPortValidateInterruptPriority  port.o
    0x00002a44   0x00002a44   0x00000064   Code   RO          275    .text.vQueueWaitForMessageRestricted  queue.o
    0x00002aa8   0x00002aa8   0x0000006e   Code   RO          314    .text.vTaskDelay    tasks.o
    0x00002b16   0x00002b16   0x00000002   PAD
    0x00002b18   0x00002b18   0x00000024   Code   RO          376    .text.vTaskInternalSetTimeOutState  tasks.o
    0x00002b3c   0x00002b3c   0x0000000e   Code   RO          380    .text.vTaskMissedYield  tasks.o
    0x00002b4a   0x00002b4a   0x00000002   PAD
    0x00002b4c   0x00002b4c   0x00000042   Code   RO          364    .text.vTaskPlaceOnEventList  tasks.o
    0x00002b8e   0x00002b8e   0x00000002   PAD
    0x00002b90   0x00002b90   0x0000007c   Code   RO          368    .text.vTaskPlaceOnEventListRestricted  tasks.o
    0x00002c0c   0x00002c0c   0x00000182   Code   RO          402    .text.vTaskPriorityDisinheritAfterTimeout  tasks.o
    0x00002d8e   0x00002d8e   0x00000002   PAD
    0x00002d90   0x00002d90   0x000000ba   Code   RO          334    .text.vTaskStartScheduler  tasks.o
    0x00002e4a   0x00002e4a   0x00000002   PAD
    0x00002e4c   0x00002e4c   0x00000010   Code   RO          308    .text.vTaskSuspendAll  tasks.o
    0x00002e5c   0x00002e5c   0x000000be   Code   RO          326    .text.vTaskSwitchContext  tasks.o
    0x00002f1a   0x00002f1a   0x00000002   PAD
    0x00002f1c   0x00002f1c   0x00000156   Code   RO          159    .text.xPortStartScheduler  port.o
    0x00003072   0x00003072   0x00000002   PAD
    0x00003074   0x00003074   0x00000026   Code   RO          213    .text.xQueueCreateMutex  queue.o
    0x0000309a   0x0000309a   0x00000002   PAD
    0x0000309c   0x0000309c   0x0000009a   Code   RO          209    .text.xQueueGenericCreate  queue.o
    0x00003136   0x00003136   0x00000002   PAD
    0x00003138   0x00003138   0x00000108   Code   RO          207    .text.xQueueGenericReset  queue.o
    0x00003240   0x00003240   0x00000274   Code   RO          223    .text.xQueueGenericSend  queue.o
    0x000034b4   0x000034b4   0x0000016e   Code   RO          241    .text.xQueueGiveFromISR  queue.o
    0x00003622   0x00003622   0x00000002   PAD
    0x00003624   0x00003624   0x000001dc   Code   RO          243    .text.xQueueReceive  queue.o
    0x00003800   0x00003800   0x0000022c   Code   RO          227    .text.xQueueSemaphoreTake  queue.o
    0x00003a2c   0x00003a2c   0x000000fc   Code   RO          378    .text.xTaskCheckForTimeOut  tasks.o
    0x00003b28   0x00003b28   0x00000098   Code   RO          294    .text.xTaskCreate   tasks.o
    0x00003bc0   0x00003bc0   0x00000038   Code   RO          396    .text.xTaskGetSchedulerState  tasks.o
    0x00003bf8   0x00003bf8   0x00000014   Code   RO          342    .text.xTaskGetTickCount  tasks.o
    0x00003c0c   0x00003c0c   0x00000260   Code   RO          340    .text.xTaskIncrementTick  tasks.o
    0x00003e6c   0x00003e6c   0x00000138   Code   RO          400    .text.xTaskPriorityDisinherit  tasks.o
    0x00003fa4   0x00003fa4   0x0000015c   Code   RO          398    .text.xTaskPriorityInherit  tasks.o
    0x00004100   0x00004100   0x0000018c   Code   RO          370    .text.xTaskRemoveFromEventList  tasks.o
    0x0000428c   0x0000428c   0x00000222   Code   RO          312    .text.xTaskResumeAll  tasks.o
    0x000044ae   0x000044ae   0x00000002   PAD
    0x000044b0   0x000044b0   0x0000006c   Code   RO          456    .text.xTimerCreateTimerTask  timers.o
    0x0000451c   0x0000451c   0x0000001a   Code   RO          943    x$fpl$fpinit        fz_wm.l(fpinit.o)
    0x00004536   0x00004536   0x00000056   Data   RO           15    .rodata.str1.1      main.o
    0x0000458c   0x0000458c   0x00000005   Data   RO          442    .rodata.str1.1      tasks.o
    0x00004591   0x00004591   0x00000008   Data   RO          511    .rodata.str1.1      timers.o
    0x00004599   0x00004599   0x00000003   PAD
    0x0000459c   0x0000459c   0x00000004   Data   RO          427    .rodata.uxTopUsedPriority  tasks.o
    0x000045a0   0x000045a0   0x00000020   Data   RO         1033    Region$$Table       anon$$obj.o


    Execution Region ER_RW (Exec base: 0x20000000, Load base: 0x000045c0, Size: 0x0000001c, Max: 0xffffffff, ABSOLUTE)

    Exec Addr    Load Addr    Size         Type   Attr      Idx    E Section Name        Object

    0x20000000   0x000045c0   0x00000004   Data   RW          127    .data.SystemCoreClock  system_tm4c123.o
    0x20000004   0x000045c4   0x00000004   Data   RW           21    .data.setTemp       main.o
    0x20000008   0x000045c8   0x00000010   Data   RW           20    .data.symbol        main.o
    0x20000018   0x000045d8   0x00000004   Data   RW          181    .data.uxCriticalNesting  port.o


    Execution Region ER_ZI (Exec base: 0x20000020, Load base: 0x000045dc, Size: 0x00002bc0, Max: 0xffffffff, ABSOLUTE)

    Exec Addr    Load Addr    Size         Type   Attr      Idx    E Section Name        Object

    0x20000020        -       0x00000060   Zero   RW          895    .bss                c_w.l(libspace.o)
    0x20000080        -       0x00000004   Zero   RW          515    .bss.prvSampleTimeNow.xLastTime  timers.o
    0x20000084        -       0x00000004   Zero   RW          197    .bss.pvPortMalloc.pucAlignedHeap  heap_1.o
    0x20000088        -       0x00000004   Zero   RW          426    .bss.pxCurrentTCB   tasks.o
    0x2000008c        -       0x00000004   Zero   RW          513    .bss.pxCurrentTimerList  timers.o
    0x20000090        -       0x00000004   Zero   RW          437    .bss.pxDelayedTaskList  tasks.o
    0x20000094        -       0x00000004   Zero   RW          438    .bss.pxOverflowDelayedTaskList  tasks.o
    0x20000098        -       0x00000004   Zero   RW          514    .bss.pxOverflowTimerList  timers.o
    0x2000009c        -       0x00000064   Zero   RW          428    .bss.pxReadyTasksLists  tasks.o
    0x20000100        -       0x00002800   Zero   RW          198    .bss.ucHeap         heap_1.o
    0x20002900        -       0x00000001   Zero   RW          179    .bss.ucMaxSysCallPriority  port.o
    0x20002901   0x000045dc   0x00000003   PAD
    0x20002904        -       0x00000004   Zero   RW          180    .bss.ulMaxPRIGROUPValue  port.o
    0x20002908        -       0x00000004   Zero   RW          433    .bss.uxCurrentNumberOfTasks  tasks.o
    0x2000290c        -       0x00000004   Zero   RW          432    .bss.uxDeletedTasksWaitingCleanUp  tasks.o
    0x20002910        -       0x00000004   Zero   RW          435    .bss.uxSchedulerSuspended  tasks.o
    0x20002914        -       0x00000004   Zero   RW          430    .bss.uxTaskNumber   tasks.o
    0x20002918        -       0x00000004   Zero   RW          429    .bss.uxTopReadyPriority  tasks.o
    0x2000291c        -       0x00000014   Zero   RW          516    .bss.xActiveTimerList1  timers.o
    0x20002930        -       0x00000014   Zero   RW          517    .bss.xActiveTimerList2  timers.o
    0x20002944        -       0x00000004   Zero   RW           19    .bss.xBinarySemaphoreBuzzer  main.o
    0x20002948        -       0x00000004   Zero   RW           18    .bss.xBinarySemaphoreKEYPAD  main.o
    0x2000294c        -       0x00000004   Zero   RW           17    .bss.xBinarySemaphoreMeasuredTemp  main.o
    0x20002950        -       0x00000014   Zero   RW          447    .bss.xDelayedTaskList1  tasks.o
    0x20002964        -       0x00000014   Zero   RW          448    .bss.xDelayedTaskList2  tasks.o
    0x20002978        -       0x00000004   Zero   RW          443    .bss.xIdleTaskHandle  tasks.o
    0x2000297c        -       0x00000004   Zero   RW           16    .bss.xMutexSetTemp  main.o
    0x20002980        -       0x00000004   Zero   RW          199    .bss.xNextFreeByte  heap_1.o
    0x20002984        -       0x00000004   Zero   RW          444    .bss.xNextTaskUnblockTime  tasks.o
    0x20002988        -       0x00000004   Zero   RW          446    .bss.xNumOfOverflows  tasks.o
    0x2000298c        -       0x00000004   Zero   RW          445    .bss.xPendedTicks   tasks.o
    0x20002990        -       0x00000014   Zero   RW          441    .bss.xPendingReadyList  tasks.o
    0x200029a4        -       0x00000004   Zero   RW          434    .bss.xSchedulerRunning  tasks.o
    0x200029a8        -       0x00000014   Zero   RW          439    .bss.xSuspendedTaskList  tasks.o
    0x200029bc        -       0x00000014   Zero   RW          431    .bss.xTasksWaitingTermination  tasks.o
    0x200029d0        -       0x00000004   Zero   RW          436    .bss.xTickCount     tasks.o
    0x200029d4        -       0x00000004   Zero   RW          510    .bss.xTimerQueue    timers.o
    0x200029d8        -       0x00000004   Zero   RW          512    .bss.xTimerTaskHandle  timers.o
    0x200029dc        -       0x00000004   Zero   RW          440    .bss.xYieldPending  tasks.o
    0x200029e0        -       0x00000000   Zero   RW          112    HEAP                startup_tm4c123.o
    0x200029e0        -       0x00000200   Zero   RW          111    STACK               startup_tm4c123.o


==============================================================================

Image component sizes


      Code (inc. data)   RO Data    RW Data    ZI Data      Debug   Object Name

        62          0          0          0          0        470   delay.o
      1838         24          0          0          0       1936   dio.o
       228          0          0          0      10248       1764   heap_1.o
       278          0          0          0          0        520   keypad.o
       522          0          0          0          0       1564   lcd.o
        56          0          0          0          0        324   led.o
       238          0          0          0          0       2323   list.o
      1336          0         86         20         16       2777   main.o
      1128         16          0          4          5       3915   port.o
       150          0          0          0          0        479   pot.o
      3518          0          0          0          0      16975   queue.o
       276         24        620          0        512       5460   startup_tm4c123.o
       268          0          0          4          0       6729   system_tm4c123.o
      5190          0          9          0        260      26154   tasks.o
      1266         10          8          0         60       9452   timers.o

    ----------------------------------------------------------------------
     16456         86        758         28      11104      80842   Object Totals
         0          0         32          0          0          0   (incl. Generated)
       102         12          3          0          3          0   (incl. Padding)

    ----------------------------------------------------------------------

      Code (inc. data)   RO Data    RW Data    ZI Data      Debug   Library Member Name

         8          0          0          0          0         68   __main.o
         0          0          0          0          0          0   __rtentry.o
        12          0          0          0          0          0   __rtentry2.o
         6          0          0          0          0          0   __rtentry4.o
        52          8          0          0          0          0   __scatter.o
        26          0          0          0          0          0   __scatter_copy.o
        28          0          0          0          0          0   __scatter_zi.o
        16          0          0          0          0         68   aeabi_memset4.o
        18          0          0          0          0         80   exit.o
         6          0          0          0          0        152   heapauxi.o
         0          0          0          0          0          0   indicate_semi.o
         2          0          0          0          0          0   libinit.o
         6          0          0          0          0          0   libinit2.o
         2          0          0          0          0          0   libshutdown.o
         2          0          0          0          0          0   libshutdown2.o
         8          4          0          0         96         68   libspace.o
        78          0          0          0          0         80   rt_memclr_w.o
       138          0          0          0          0         68   rt_memcpy_v6.o
       100          0          0          0          0         80   rt_memcpy_w.o
         2          0          0          0          0          0   rtexit.o
        10          0          0          0          0          0   rtexit2.o
        12          4          0          0          0         68   sys_exit.o
        74          0          0          0          0         80   sys_stackheap_outer.o
         2          0          0          0          0         68   use_no_semi.o
        26          0          0          0          0        116   fpinit.o

    ----------------------------------------------------------------------
       642         16          0          0         96        996   Library Totals
         8          0          0          0          0          0   (incl. Padding)

    ----------------------------------------------------------------------

      Code (inc. data)   RO Data    RW Data    ZI Data      Debug   Library Name

       608         16          0          0         96        880   c_w.l
        26          0          0          0          0        116   fz_wm.l

    ----------------------------------------------------------------------
       642         16          0          0         96        996   Library Totals

    ----------------------------------------------------------------------

==============================================================================


      Code (inc. data)   RO Data    RW Data    ZI Data      Debug   

     17098        102        758         28      11200      81214   Grand Totals
     17098        102        758         28      11200      81214   ELF Image Totals
     17098        102        758         28          0          0   ROM Totals

==============================================================================

    Total RO  Size (Code + RO Data)                17856 (  17.44kB)
    Total RW  Size (RW Data + ZI Data)             11228 (  10.96kB)
    Total ROM Size (Code + RO Data + RW Data)      17884 (  17.46kB)

==============================================================================

